Component: Arm Compiler for Embedded 6.24 Tool: armlink [5f371500]

==============================================================================

Section Cross References

    startup_stm32f302xc.o(RESET) refers to startup_stm32f302xc.o(STACK) for __initial_sp
    startup_stm32f302xc.o(RESET) refers to startup_stm32f302xc.o(.text) for Reset_Handler
    startup_stm32f302xc.o(RESET) refers to stm32f3xx_it.o(.text) for NMI_Handler
    startup_stm32f302xc.o(.text) refers to system_stm32f3xx.o(.text) for SystemInit
    startup_stm32f302xc.o(.text) refers to entry.o(.ARM.Collect$$$$00000000) for __main
    voice_recieve.o(.text) refers to nrf24l01.o(.bss.NRF24L01_RxPacket) for NRF24L01_RxPacket
    voice_recieve.o(.text) refers to voice_recieve.o(.bss.ib_count) for ib_count
    voice_recieve.o(.text) refers to voice_recieve.o(.bss.ib_write_index) for ib_write_index
    voice_recieve.o(.text) refers to voice_recieve.o(.bss.intermediate_audio_buffer) for intermediate_audio_buffer
    voice_recieve.o(.text) refers to voice_recieve.o(.bss.ib_overflow_count) for ib_overflow_count
    voice_recieve.o(.text) refers to voice_recieve.o(.bss.ib_read_index) for ib_read_index
    voice_recieve.o(.text) refers to voice_recieve.o(.bss.dac_buffer) for dac_buffer
    voice_recieve.o(.text) refers to voice_recieve.o(.bss.HAL_DAC_DMAUnderrunCallbackCh1.underrun_count) for HAL_DAC_DMAUnderrunCallbackCh1.underrun_count
    voice_recieve.o(.text) refers to voice_recieve.o(.rodata.str1.1) for .L.str
    voice_recieve.o(.text) refers to printfa.o(i.__0printf) for printf
    voice_recieve.o(.text) refers to stm32f3xx_hal_dac_ex.o(.text) for HAL_DAC_Start_DMA
    voice_recieve.o(.text) refers to nrf24l01.o(.text) for NRF24L01_Receive
    voice_recieve.o(.text) refers to voice_recieve.o(.bss.no_data_count) for no_data_count
    voice_recieve.o(.text) refers to tim.o(.bss.htim2) for htim2
    voice_recieve.o(.text) refers to stm32f3xx_hal_tim.o(.text) for HAL_TIM_Base_Start
    voice_recieve.o(.text) refers to dac.o(.bss.hdac) for hdac
    voice_recieve.o(.text) refers to voice_recieve.o(.bss.current_rx_state) for current_rx_state
    voice_recieve.o(.ARM.exidx) refers to voice_recieve.o(.text) for [Anonymous Symbol]
    voice_send.o(.text) refers to usart.o(.bss.huart1) for huart1
    voice_send.o(.text) refers to stm32f3xx_hal_uart.o(.text) for HAL_UART_Transmit
    voice_send.o(.text) refers to nrf24l01.o(.text) for NRF24L01_Init
    voice_send.o(.text) refers to voice_send.o(.bss.arr1) for arr1
    voice_send.o(.text) refers to voice_send.o(.bss.arr2) for arr2
    voice_send.o(.text) refers to adc.o(.bss.hadc1) for hadc1
    voice_send.o(.text) refers to stm32f3xx_hal_adc_ex.o(.text) for HAL_ADC_Start_DMA
    voice_send.o(.text) refers to tim.o(.bss.htim2) for htim2
    voice_send.o(.text) refers to stm32f3xx_hal_tim.o(.text) for HAL_TIM_Base_Start
    voice_send.o(.text) refers to voice_send.o(.rodata.str1.1) for .L.str
    voice_send.o(.text) refers to printfa.o(i.__0printf) for printf
    voice_send.o(.text) refers to voice_send.o(.data.current_dma_buffer) for current_dma_buffer
    voice_send.o(.text) refers to voice_send.o(.bss.ready_buffer) for ready_buffer
    voice_send.o(.text) refers to voice_send.o(.bss.packets_remaining) for packets_remaining
    voice_send.o(.text) refers to voice_send.o(.bss.buffer_ready) for buffer_ready
    voice_send.o(.text) refers to voice_send.o(.bss.sample_read_index) for sample_read_index
    voice_send.o(.text) refers to nrf24l01.o(.bss.NRF24L01_TxPacket) for NRF24L01_TxPacket
    voice_send.o(.text) refers to voice_send.o(.bss.prepare_nrf_packet.overflow_count) for prepare_nrf_packet.overflow_count
    voice_send.o(.text) refers to voice_send.o(.bss.prepare_nrf_packet.packet_cnt) for prepare_nrf_packet.packet_cnt
    voice_send.o(.text) refers to voice_send.o(.bss.is_packet_prepared) for is_packet_prepared
    voice_send.o(.text) refers to voice_send.o(.bss.buffer_sent_cnt) for buffer_sent_cnt
    voice_send.o(.ARM.exidx) refers to voice_send.o(.text) for [Anonymous Symbol]
    voice_send.o(.data.current_dma_buffer) refers to voice_send.o(.bss.arr1) for arr1
    main.o(.text) refers to stm32f3xx_hal.o(.text) for HAL_Init
    main.o(.text) refers to gpio.o(.text) for MX_GPIO_Init
    main.o(.text) refers to dma.o(.text) for MX_DMA_Init
    main.o(.text) refers to adc.o(.text) for MX_ADC1_Init
    main.o(.text) refers to dac.o(.text) for MX_DAC_Init
    main.o(.text) refers to tim.o(.text) for MX_TIM2_Init
    main.o(.text) refers to usart.o(.text) for MX_USART1_UART_Init
    main.o(.text) refers to oled.o(.text) for OLED_Init
    main.o(.text) refers to key.o(.text) for Key_Init
    main.o(.text) refers to tim.o(.bss.htim3) for htim3
    main.o(.text) refers to stm32f3xx_hal_tim.o(.text) for HAL_TIM_Base_Start_IT
    main.o(.text) refers to voice_send.o(.text) for Voice_Device_Tx_Init
    main.o(.text) refers to voice_recieve.o(.text) for Voice_Device_RX_Init
[...]
    __NVIC_GetPendingIRQ                     0x08007dd1   Thumb Code    64  stm32f3xx_hal_cortex.o(.text)
    __NVIC_ClearPendingIRQ                   0x08007e25   Thumb Code    48  stm32f3xx_hal_cortex.o(.text)
    __NVIC_GetActive                         0x08007e69   Thumb Code    64  stm32f3xx_hal_cortex.o(.text)
    [Anonymous Symbol]                       0x08007ee8   Section        0  stm32f3xx_hal_dac.o(.text)
    [Anonymous Symbol]                       0x080080ac   Section        0  stm32f3xx_hal_dac_ex.o(.text)
    DAC_DMAConvCpltCh1                       0x08008249   Thumb Code    28  stm32f3xx_hal_dac_ex.o(.text)
    DAC_DMAHalfConvCpltCh1                   0x08008265   Thumb Code    22  stm32f3xx_hal_dac_ex.o(.text)
    DAC_DMAErrorCh1                          0x0800827d   Thumb Code    38  stm32f3xx_hal_dac_ex.o(.text)
    [Anonymous Symbol]                       0x0800849c   Section        0  stm32f3xx_hal_tim.o(.text)
    TIM_DMAPeriodElapsedCplt                 0x08008af1   Thumb Code    42  stm32f3xx_hal_tim.o(.text)
    TIM_DMAPeriodElapsedHalfCplt             0x08008b1d   Thumb Code    22  stm32f3xx_hal_tim.o(.text)
    TIM_DMADelayPulseCplt                    0x08009a6d   Thumb Code   188  stm32f3xx_hal_tim.o(.text)
    TIM_OC1_SetConfig                        0x0800d435   Thumb Code   308  stm32f3xx_hal_tim.o(.text)
    TIM_OC3_SetConfig                        0x0800d6b9   Thumb Code   334  stm32f3xx_hal_tim.o(.text)
    TIM_OC4_SetConfig                        0x0800d809   Thumb Code   204  stm32f3xx_hal_tim.o(.text)
    TIM_OC5_SetConfig                        0x0800d8d5   Thumb Code   194  stm32f3xx_hal_tim.o(.text)
    TIM_OC6_SetConfig                        0x0800d999   Thumb Code   196  stm32f3xx_hal_tim.o(.text)
    TIM_TI2_SetConfig                        0x0800dc69   Thumb Code   108  stm32f3xx_hal_tim.o(.text)
    TIM_TI3_SetConfig                        0x0800dcd5   Thumb Code   106  stm32f3xx_hal_tim.o(.text)
    TIM_TI4_SetConfig                        0x0800dd41   Thumb Code   108  stm32f3xx_hal_tim.o(.text)
    TIM_DMATriggerCplt                       0x0800e415   Thumb Code    42  stm32f3xx_hal_tim.o(.text)
    TIM_DMATriggerHalfCplt                   0x0800e441   Thumb Code    22  stm32f3xx_hal_tim.o(.text)
    TIM_TI1_ConfigInputStage                 0x0800ed29   Thumb Code    80  stm32f3xx_hal_tim.o(.text)
    TIM_ITRx_SetConfig                       0x0800ed79   Thumb Code    42  stm32f3xx_hal_tim.o(.text)
    TIM_TI2_ConfigInputStage                 0x0800eda5   Thumb Code    82  stm32f3xx_hal_tim.o(.text)
    TIM_SlaveTimer_SetConfig                 0x0800eebd   Thumb Code   302  stm32f3xx_hal_tim.o(.text)
    [Anonymous Symbol]                       0x0800f210   Section        0  stm32f3xx_hal_tim_ex.o(.text)
    TIM_CCxNChannelCmd                       0x0800fa5d   Thumb Code    54  stm32f3xx_hal_tim_ex.o(.text)
    TIM_DMADelayPulseNCplt                   0x080101b1   Thumb Code   148  stm32f3xx_hal_tim_ex.o(.text)
    TIM_DMAErrorCCxN                         0x08010245   Thumb Code   116  stm32f3xx_hal_tim_ex.o(.text)
    [Anonymous Symbol]                       0x080116e4   Section        0  stm32f3xx_hal_uart.o(.text)
    UART_TxISR_16BIT                         0x08012589   Thumb Code   150  stm32f3xx_hal_uart.o(.text)
    UART_TxISR_8BIT                          0x08012621   Thumb Code   140  stm32f3xx_hal_uart.o(.text)
    UART_DMATransmitCplt                     0x0801298d   Thumb Code   120  stm32f3xx_hal_uart.o(.text)
    UART_DMATxHalfCplt                       0x08012a05   Thumb Code    22  stm32f3xx_hal_uart.o(.text)
    UART_DMAError                            0x08012a1d   Thumb Code   126  stm32f3xx_hal_uart.o(.text)
    UART_EndTxTransfer                       0x08012f15   Thumb Code    52  stm32f3xx_hal_uart.o(.text)
    UART_EndRxTransfer                       0x08012f49   Thumb Code   152  stm32f3xx_hal_uart.o(.text)
    UART_DMATxAbortCallback                  0x08013581   Thumb Code    98  stm32f3xx_hal_uart.o(.text)
    UART_DMARxAbortCallback                  0x080135e5   Thumb Code   110  stm32f3xx_hal_uart.o(.text)
    UART_DMATxOnlyAbortCallback              0x08013729   Thumb Code    36  stm32f3xx_hal_uart.o(.text)
    UART_DMARxOnlyAbortCallback              0x080138a1   Thumb Code    62  stm32f3xx_hal_uart.o(.text)
    UART_DMAAbortOnError                     0x08013dc5   Thumb Code    36  stm32f3xx_hal_uart.o(.text)
    UART_EndTransmit_IT                      0x08013dfd   Thumb Code    66  stm32f3xx_hal_uart.o(.text)
    UART_RxISR_16BIT                         0x0801420d   Thumb Code   368  stm32f3xx_hal_uart.o(.text)
    UART_RxISR_8BIT                          0x0801437d   Thumb Code   364  stm32f3xx_hal_uart.o(.text)
    UART_DMAReceiveCplt                      0x080144e9   Thumb Code   244  stm32f3xx_hal_uart.o(.text)
    UART_DMARxHalfCplt                       0x080145dd   Thumb Code    54  stm32f3xx_hal_uart.o(.text)
    [Anonymous Symbol]                       0x08014614   Section        0  stm32f3xx_hal_uart_ex.o(.text)
    UARTEx_Wakeup_AddressConfig              0x08014809   Thumb Code    58  stm32f3xx_hal_uart_ex.o(.text)
    [Anonymous Symbol]                       0x08014c7c   Section        0  system_stm32f3xx.o(.text)
    [Anonymous Symbol]                       0x08014da0   Section        0  delay.o(.text)
    [Anonymous Symbol]                       0x08014e34   Section        0  key.o(.text)
    [Anonymous Symbol]                       0x08014f64   Section        0  nrf24l01.o(.text)
    [Anonymous Symbol]                       0x080155e0   Section        0  oled.o(.text)
    .text                                    0x08015de6   Section        0  uldiv.o(.text)
    .text                                    0x08015e48   Section        0  memseta.o(.text)
    .text                                    0x08015e6c   Section        0  dadd.o(.text)
    .text                                    0x08015fba   Section        0  dmul.o(.text)
    .text                                    0x0801609e   Section        0  dcmplt.o(.text)
    .text                                    0x080160d4   Section        0  dfltui.o(.text)
    .text                                    0x080160ee   Section        0  dfixui.o(.text)
    .text                                    0x08016120   Section        0  uidiv.o(.text)
    .text                                    0x0801614c   Section        0  llshl.o(.text)
    .text                                    0x0801616a   Section        0  llushr.o(.text)
    .text                                    0x0801618a   Section        0  llsshr.o(.text)
    .text                                    0x080161ae   Section        0  iusefp.o(.text)
    .text                                    0x080161ae   Section        0  depilogue.o(.text)
    .text                                    0x08016268   Section        0  ddiv.o(.text)
    .text                                    0x08016346   Section        0  dfixul.o(.text)
    .text                                    0x08016378   Section       48  cdrcmple.o(.text)
    .text                                    0x080163a8   Section       48  init.o(.text)
    i.__0printf                              0x080163d8   Section        0  printfa.o(i.__0printf)
    i.__scatterload_copy                     0x080163f8   Section       14  handlers.o(i.__scatterload_copy)
    i.__scatterload_null                     0x08016406   Section        2  handlers.o(i.__scatterload_null)
    i.__scatterload_zeroinit                 0x08016408   Section       14  handlers.o(i.__scatterload_zeroinit)
    _fp_digits                               0x08016419   Thumb Code   366  printfa.o(i._fp_digits)
    i._fp_digits                             0x08016418   Section        0  printfa.o(i._fp_digits)
    _printf_core                             0x0801659d   Thumb Code  1744  printfa.o(i._printf_core)
    i._printf_core                           0x0801659c   Section        0  printfa.o(i._printf_core)
    _printf_post_padding                     0x08016c79   Thumb Code    36  printfa.o(i._printf_post_padding)
    i._printf_post_padding                   0x08016c78   Section        0  printfa.o(i._printf_post_padding)
    _printf_pre_padding                      0x08016c9d   Thumb Code    46  printfa.o(i._printf_pre_padding)
    i._printf_pre_padding                    0x08016c9c   Section        0  printfa.o(i._printf_pre_padding)
    HAL_RCCEx_GetPeriphCLKFreq.adc_pll_prediv_table 0x08016ce2   Data          32  stm32f3xx_hal_rcc_ex.o(.rodata.HAL_RCCEx_GetPeriphCLKFreq.adc_pll_prediv_table)
    [Anonymous Symbol]                       0x08016ce2   Section        0  stm32f3xx_hal_rcc_ex.o(.rodata.HAL_RCCEx_GetPeriphCLKFreq.adc_pll_prediv_table)
    aPLLMULFactorTable                       0x080172f2   Data          16  stm32f3xx_hal_rcc.o(.rodata.aPLLMULFactorTable)
    [Anonymous Symbol]                       0x080172f2   Section        0  stm32f3xx_hal_rcc.o(.rodata.aPLLMULFactorTable)
    aPredivFactorTable                       0x08017302   Data          16  stm32f3xx_hal_rcc.o(.rodata.aPredivFactorTable)
    [Anonymous Symbol]                       0x08017302   Section        0  stm32f3xx_hal_rcc.o(.rodata.aPredivFactorTable)
    .L.str.1                                 0x08017312   Data          30  voice_recieve.o(.rodata.str1.1)
    [Anonymous Symbol]                       0x08017312   Section        0  voice_recieve.o(.rodata.str1.1)
    .L.str                                   0x08017330   Data          23  voice_recieve.o(.rodata.str1.1)
    .L.str                                   0x08017347   Data          30  voice_send.o(.rodata.str1.1)
    [Anonymous Symbol]                       0x08017347   Section        0  voice_send.o(.rodata.str1.1)
    .L.str.4                                 0x08017365   Data          40  voice_send.o(.rodata.str1.1)
    .L.str.1                                 0x0801738d   Data          41  voice_send.o(.rodata.str1.1)
    .L.str.2                                 0x080173b6   Data          39  voice_send.o(.rodata.str1.1)
    .L.str.5                                 0x080173dd   Data          32  voice_send.o(.rodata.str1.1)
    .L.str.3                                 0x080173fd   Data          43  voice_send.o(.rodata.str1.1)
    .L.str.1                                 0x08017428   Data          36  main.o(.rodata.str1.1)
    [Anonymous Symbol]                       0x08017428   Section        0  main.o(.rodata.str1.1)
    .L.str                                   0x0801744c   Data           4  main.o(.rodata.str1.1)
    .data                                    0x20000000   Section        4  stdout.o(.data)
    HAL_DAC_DMAUnderrunCallbackCh1.underrun_count 0x20000020   Data           4  voice_recieve.o(.bss.HAL_DAC_DMAUnderrunCallbackCh1.underrun_count)
    [Anonymous Symbol]                       0x20000020   Section        0  voice_recieve.o(.bss.HAL_DAC_DMAUnderrunCallbackCh1.underrun_count)
    Key_Kick.Count                           0x20000024   Data           1  key.o(.bss.Key_Kick.Count)
    [Anonymous Symbol]                       0x20000024   Section        0  key.o(.bss.Key_Kick.Count)
    Key_Kick.CurrentState                    0x20000025   Data           1  key.o(.bss.Key_Kick.CurrentState)
    [Anonymous Symbol]                       0x20000025   Section        0  key.o(.bss.Key_Kick.CurrentState)
    Key_Kick.PreviousState                   0x20000026   Data           1  key.o(.bss.Key_Kick.PreviousState)
    [Anonymous Symbol]                       0x20000026   Section        0  key.o(.bss.Key_Kick.PreviousState)
    buffer_sent_cnt                          0x20000469   Data           1  voice_send.o(.bss.buffer_sent_cnt)
    [Anonymous Symbol]                       0x20000469   Section        0  voice_send.o(.bss.buffer_sent_cnt)
    ib_count                                 0x20000a78   Data           2  voice_recieve.o(.bss.ib_count)
    [Anonymous Symbol]                       0x20000a78   Section        0  voice_recieve.o(.bss.ib_count)
    ib_overflow_count                        0x20000a7c   Data           4  voice_recieve.o(.bss.ib_overflow_count)
    [Anonymous Symbol]                       0x20000a7c   Section        0  voice_recieve.o(.bss.ib_overflow_count)
    ib_read_index                            0x20000a80   Data           2  voice_recieve.o(.bss.ib_read_index)
    [Anonymous Symbol]                       0x20000a80   Section        0  voice_recieve.o(.bss.ib_read_index)
    ib_write_index                           0x20000a82   Data           2  voice_recieve.o(.bss.ib_write_index)
    [Anonymous Symbol]                       0x20000a82   Section        0  voice_recieve.o(.bss.ib_write_index)
    intermediate_audio_buffer                0x20000a84   Data        2048  voice_recieve.o(.bss.intermediate_audio_buffer)
    [Anonymous Symbol]                       0x20000a84   Section        0  voice_recieve.o(.bss.intermediate_audio_buffer)
    is_packet_prepared                       0x20001284   Data           1  voice_send.o(.bss.is_packet_prepared)
    [Anonymous Symbol]                       0x20001284   Section        0  voice_send.o(.bss.is_packet_prepared)
    no_data_count                            0x20001288   Data           4  voice_recieve.o(.bss.no_data_count)
    [Anonymous Symbol]                       0x20001288   Section        0  voice_recieve.o(.bss.no_data_count)
    prepare_nrf_packet.overflow_count        0x20001290   Data           4  voice_send.o(.bss.prepare_nrf_packet.overflow_count)
    [Anonymous Symbol]                       0x20001290   Section        0  voice_send.o(.bss.prepare_nrf_packet.overflow_count)
    prepare_nrf_packet.packet_cnt            0x20001294   Data           2  voice_send.o(.bss.prepare_nrf_packet.packet_cnt)
    [Anonymous Symbol]                       0x20001294   Section        0  voice_send.o(.bss.prepare_nrf_packet.packet_cnt)
    STACK                                    0x200012a8   Section     1024  startup_stm32f302xc.o(STACK)

    Global Symbols

    Symbol Name                              Value     Ov Type        Size  Object(Section)

    BuildAttributes$$THM_ISAv4$E$P$D$K$B$S$7EM$VFPi3$EXTD16$VFPS$VFMA$PE$A:L22UL41UL21$X:L11$S22US41US21$IEEE1$IW$~IW$USESV6$~STKCKD$USESV7$~SHL$OSPACE$ROPI$EBA8$MICROLIB$REQ8$PRES8$EABIv2 0x00000000   Number         0  anon$$obj.o ABSOLUTE
    __cpp_initialize__aeabi_                  - Undefined Weak Reference
    __cxa_finalize                            - Undefined Weak Reference
    __decompress                              - Undefined Weak Reference
    _clock_init                               - Undefined Weak Reference
    _microlib_exit                            - Undefined Weak Reference
    __Vectors_Size                           0x00000188   Number         0  startup_stm32f302xc.o ABSOLUTE
    __Vectors                                0x08000000   Data           4  startup_stm32f302xc.o(RESET)
    __Vectors_End                            0x08000188   Data           0  startup_stm32f302xc.o(RESET)
    __main                                   0x08000189   Thumb Code     0  entry.o(.ARM.Collect$$$$00000000)
    _main_stk                                0x08000189   Thumb Code     0  entry2.o(.ARM.Collect$$$$00000001)
    _main_scatterload                        0x0800018d   Thumb Code     0  entry5.o(.ARM.Collect$$$$00000004)
    __main_after_scatterload                 0x08000191   Thumb Code     0  entry5.o(.ARM.Collect$$$$00000004)
    _main_clock                              0x08000191   Thumb Code     0  entry7b.o(.ARM.Collect$$$$00000008)
    _main_cpp_init                           0x08000191   Thumb Code     0  entry8b.o(.ARM.Collect$$$$0000000A)
    _main_init                               0x08000191   Thumb Code     0  entry9a.o(.ARM.Collect$$$$0000000B)
    __rt_final_cpp                           0x08000199   Thumb Code     0  entry10a.o(.ARM.Collect$$$$0000000D)
    __rt_final_exit                          0x08000199   Thumb Code     0  entry11a.o(.ARM.Collect$$$$0000000F)
    Reset_Handler                            0x0800019d   Thumb Code     8  startup_stm32f302xc.o(.text)
    ADC1_2_IRQHandler                        0x080001b7   Thumb Code     0  startup_stm32f302xc.o(.text)
    CAN_RX1_IRQHandler                       0x080001b7   Thumb Code     0  startup_stm32f302xc.o(.text)
    CAN_SCE_IRQHandler                       0x080001b7   Thumb Code     0  startup_stm32f302xc.o(.text)
    COMP1_2_IRQHandler                       0x080001b7   Thumb Code     0  startup_stm32f302xc.o(.text)
    COMP4_6_IRQHandler                       0x080001b7   Thumb Code     0  startup_stm32f302xc.o(.text)
    DMA1_Channel2_IRQHandler                 0x080001b7   Thumb Code     0  startup_stm32f302xc.o(.text)
    DMA1_Channel4_IRQHandler                 0x080001b7   Thumb Code     0  startup_stm32f302xc.o(.text)
    DMA1_Channel5_IRQHandler                 0x080001b7   Thumb Code     0  startup_stm32f302xc.o(.text)
    DMA1_Channel6_IRQHandler                 0x080001b7   Thumb Code     0  startup_stm32f302xc.o(.text)
    DMA1_Channel7_IRQHandler                 0x080001b7   Thumb Code     0  startup_stm32f302xc.o(.text)
    DMA2_Channel1_IRQHandler                 0x080001b7   Thumb Code     0  startup_stm32f302xc.o(.text)
    DMA2_Channel2_IRQHandler                 0x080001b7   Thumb Code     0  startup_stm32f302xc.o(.text)
    DMA2_Channel3_IRQHandler                 0x080001b7   Thumb Code     0  startup_stm32f302xc.o(.text)
    DMA2_Channel4_IRQHandler                 0x080001b7   Thumb Code     0  startup_stm32f302xc.o(.text)
    DMA2_Channel5_IRQHandler                 0x080001b7   Thumb Code     0  startup_stm32f302xc.o(.text)
    EXTI0_IRQHandler                         0x080001b7   Thumb Code     0  startup_stm32f302xc.o(.text)
    EXTI15_10_IRQHandler                     0x080001b7   Thumb Code     0  startup_stm32f302xc.o(.text)
    EXTI1_IRQHandler                         0x080001b7   Thumb Code     0  startup_stm32f302xc.o(.text)
    EXTI2_TSC_IRQHandler                     0x080001b7   Thumb Code     0  startup_stm32f302xc.o(.text)
    EXTI3_IRQHandler                         0x080001b7   Thumb Code     0  startup_stm32f302xc.o(.text)
    EXTI4_IRQHandler                         0x080001b7   Thumb Code     0  startup_stm32f302xc.o(.text)
    EXTI9_5_IRQHandler                       0x080001b7   Thumb Code     0  startup_stm32f302xc.o(.text)
    FLASH_IRQHandler                         0x080001b7   Thumb Code     0  startup_stm32f302xc.o(.text)
    FPU_IRQHandler                           0x080001b7   Thumb Code     0  startup_stm32f302xc.o(.text)
    I2C1_ER_IRQHandler                       0x080001b7   Thumb Code     0  startup_stm32f302xc.o(.text)
    I2C1_EV_IRQHandler                       0x080001b7   Thumb Code     0  startup_stm32f302xc.o(.text)
    I2C2_ER_IRQHandler                       0x080001b7   Thumb Code     0  startup_stm32f302xc.o(.text)
    I2C2_EV_IRQHandler                       0x080001b7   Thumb Code     0  startup_stm32f302xc.o(.text)
    PVD_IRQHandler                           0x080001b7   Thumb Code     0  startup_stm32f302xc.o(.text)
    RCC_IRQHandler                           0x080001b7   Thumb Code     0  startup_stm32f302xc.o(.text)
    RTC_Alarm_IRQHandler                     0x080001b7   Thumb Code     0  startup_stm32f302xc.o(.text)
    RTC_WKUP_IRQHandler                      0x080001b7   Thumb Code     0  startup_stm32f302xc.o(.text)
    SPI1_IRQHandler                          0x080001b7   Thumb Code     0  startup_stm32f302xc.o(.text)
    SPI2_IRQHandler                          0x080001b7   Thumb Code     0  startup_stm32f302xc.o(.text)
    SPI3_IRQHandler                          0x080001b7   Thumb Code     0  startup_stm32f302xc.o(.text)
    TAMP_STAMP_IRQHandler                    0x080001b7   Thumb Code     0  startup_stm32f302xc.o(.text)
    TIM1_BRK_TIM15_IRQHandler                0x080001b7   Thumb Code     0  startup_stm32f302xc.o(.text)
    TIM1_CC_IRQHandler                       0x080001b7   Thumb Code     0  startup_stm32f302xc.o(.text)
    TIM1_TRG_COM_TIM17_IRQHandler            0x080001b7   Thumb Code     0  startup_stm32f302xc.o(.text)
    TIM1_UP_TIM16_IRQHandler                 0x080001b7   Thumb Code     0  startup_stm32f302xc.o(.text)
    TIM2_IRQHandler                          0x080001b7   Thumb Code     0  startup_stm32f302xc.o(.text)
    TIM4_IRQHandler                          0x080001b7   Thumb Code     0  startup_stm32f302xc.o(.text)
    TIM6_DAC_IRQHandler                      0x080001b7   Thumb Code     0  startup_stm32f302xc.o(.text)
    UART4_IRQHandler                         0x080001b7   Thumb Code     0  startup_stm32f302xc.o(.text)
    UART5_IRQHandler                         0x080001b7   Thumb Code     0  startup_stm32f302xc.o(.text)
    USART1_IRQHandler                        0x080001b7   Thumb Code     0  startup_stm32f302xc.o(.text)
    USART2_IRQHandler                        0x080001b7   Thumb Code     0  startup_stm32f302xc.o(.text)
    USART3_IRQHandler                        0x080001b7   Thumb Code     0  startup_stm32f302xc.o(.text)
    USBWakeUp_IRQHandler                     0x080001b7   Thumb Code     0  startup_stm32f302xc.o(.text)
    USBWakeUp_RMP_IRQHandler                 0x080001b7   Thumb Code     0  startup_stm32f302xc.o(.text)
    USB_HP_CAN_TX_IRQHandler                 0x080001b7   Thumb Code     0  startup_stm32f302xc.o(.text)
    USB_HP_IRQHandler                        0x080001b7   Thumb Code     0  startup_stm32f302xc.o(.text)
    USB_LP_CAN_RX0_IRQHandler                0x080001b7   Thumb Code     0  startup_stm32f302xc.o(.text)
    USB_LP_IRQHandler                        0x080001b7   Thumb Code     0  startup_stm32f302xc.o(.text)
    WWDG_IRQHandler                          0x080001b7   Thumb Code     0  startup_stm32f302xc.o(.text)
    parse_nrf_packet_into_intermediate_buffer 0x080001c1   Thumb Code   242  voice_recieve.o(.text)
    fill_dac_buffer_from_intermediate        0x080002b5   Thumb Code   124  voice_recieve.o(.text)
    HAL_DAC_ConvHalfCpltCallbackCh1          0x08000331   Thumb Code    22  voice_recieve.o(.text)
    HAL_DAC_ConvCpltCallbackCh1              0x08000349   Thumb Code    26  voice_recieve.o(.text)
    HAL_DAC_DMAUnderrunCallbackCh1           0x08000365   Thumb Code   108  voice_recieve.o(.text)
    receiving_state_handler                  0x080003d1   Thumb Code    72  voice_recieve.o(.text)
    Voice_Device_RX_Init                     0x08000419   Thumb Code   166  voice_recieve.o(.text)
    fputc                                    0x080004c1   Thumb Code    42  voice_send.o(.text)
    fgetc                                    0x080004ed   Thumb Code    36  voice_send.o(.text)
    Voice_Device_Tx_Init                     0x08000511   Thumb Code   116  voice_send.o(.text)
    HAL_ADC_ConvCpltCallback                 0x08000585   Thumb Code   164  voice_send.o(.text)
    prepare_nrf_packet                       0x08000629   Thumb Code   336  voice_send.o(.text)
    transmitting_state_handler               0x08000779   Thumb Code   288  voice_send.o(.text)
    prepare_silence_packet                   0x08000899   Thumb Code    70  voice_send.o(.text)
    main                                     0x080008e1   Thumb Code   164  main.o(.text)
    SystemClock_Config                       0x08000985   Thumb Code   150  main.o(.text)
    Error_Handler                            0x08000a1d   Thumb Code    14  main.o(.text)
    MX_GPIO_Init                             0x08000a2d   Thumb Code   252  gpio.o(.text)
    MX_ADC1_Init                             0x08000b29   Thumb Code   170  adc.o(.text)
    HAL_ADC_MspInit                          0x08000bd5   Thumb Code   198  adc.o(.text)
    HAL_ADC_MspDeInit                        0x08000c9d   Thumb Code    58  adc.o(.text)
    MX_DAC_Init                              0x08000cd9   Thumb Code    80  dac.o(.text)
    HAL_DAC_MspInit                          0x08000d29   Thumb Code   232  dac.o(.text)
    HAL_DAC_MspDeInit                        0x08000e11   Thumb Code    64  dac.o(.text)
    MX_DMA_Init                              0x08000e51   Thumb Code    76  dma.o(.text)
    MX_TIM2_Init                             0x08000e9d   Thumb Code   130  tim.o(.text)
    MX_TIM3_Init                             0x08000f21   Thumb Code   134  tim.o(.text)
    HAL_TIM_Base_MspInit                     0x08000fa9   Thumb Code   124  tim.o(.text)
    HAL_TIM_Base_MspDeInit                   0x08001025   Thumb Code    84  tim.o(.text)
    MX_USART1_UART_Init                      0x08001079   Thumb Code    68  usart.o(.text)
    HAL_UART_MspInit                         0x080010bd   Thumb Code   134  usart.o(.text)
    HAL_UART_MspDeInit                       0x08001145   Thumb Code    58  usart.o(.text)
    NMI_Handler                              0x08001181   Thumb Code     4  stm32f3xx_it.o(.text)
    HardFault_Handler                        0x08001185   Thumb Code     4  stm32f3xx_it.o(.text)
    MemManage_Handler                        0x08001189   Thumb Code     4  stm32f3xx_it.o(.text)
    BusFault_Handler                         0x0800118d   Thumb Code     4  stm32f3xx_it.o(.text)
    UsageFault_Handler                       0x08001191   Thumb Code     4  stm32f3xx_it.o(.text)
    SVC_Handler                              0x08001195   Thumb Code     2  stm32f3xx_it.o(.text)
    DebugMon_Handler                         0x08001199   Thumb Code     2  stm32f3xx_it.o(.text)
    PendSV_Handler                           0x0800119d   Thumb Code     2  stm32f3xx_it.o(.text)
    SysTick_Handler                          0x080011a1   Thumb Code     8  stm32f3xx_it.o(.text)
    DMA1_Channel1_IRQHandler                 0x080011a9   Thumb Code    16  stm32f3xx_it.o(.text)
    DMA1_Channel3_IRQHandler                 0x080011b9   Thumb Code    16  stm32f3xx_it.o(.text)
    TIM3_IRQHandler                          0x080011c9   Thumb Code    20  stm32f3xx_it.o(.text)
    HAL_MspInit                              0x080011dd   Thumb Code    66  stm32f3xx_hal_msp.o(.text)
    HAL_ADC_ConvHalfCpltCallback             0x080012d1   Thumb Code     8  stm32f3xx_hal_adc.o(.text)
    HAL_ADC_LevelOutOfWindowCallback         0x080012d9   Thumb Code     8  stm32f3xx_hal_adc.o(.text)
    HAL_ADC_ErrorCallback                    0x080012e1   Thumb Code     8  stm32f3xx_hal_adc.o(.text)
    HAL_ADC_GetState                         0x08001301   Thumb Code    12  stm32f3xx_hal_adc.o(.text)
    HAL_ADC_GetError                         0x0800130d   Thumb Code    12  stm32f3xx_hal_adc.o(.text)
    HAL_ADC_Init                             0x08001319   Thumb Code   830  stm32f3xx_hal_adc_ex.o(.text)
    HAL_ADC_DeInit                           0x08001731   Thumb Code   596  stm32f3xx_hal_adc_ex.o(.text)
    HAL_ADC_Start                            0x08001b1d   Thumb Code   438  stm32f3xx_hal_adc_ex.o(.text)
    HAL_ADC_Stop                             0x08001da1   Thumb Code   134  stm32f3xx_hal_adc_ex.o(.text)
    HAL_ADC_PollForConversion                0x08001e29   Thumb Code   464  stm32f3xx_hal_adc_ex.o(.text)
    HAL_ADC_PollForEvent                     0x08001ff9   Thumb Code   310  stm32f3xx_hal_adc_ex.o(.text)
    HAL_ADC_Start_IT                         0x08002131   Thumb Code   512  stm32f3xx_hal_adc_ex.o(.text)
    HAL_ADC_Stop_IT                          0x08002331   Thumb Code   146  stm32f3xx_hal_adc_ex.o(.text)
    HAL_ADC_Start_DMA                        0x080023c5   Thumb Code   496  stm32f3xx_hal_adc_ex.o(.text)
    HAL_ADC_Stop_DMA                         0x0800266d   Thumb Code   226  stm32f3xx_hal_adc_ex.o(.text)
    HAL_ADC_GetValue                         0x08002751   Thumb Code    14  stm32f3xx_hal_adc_ex.o(.text)
    HAL_ADC_IRQHandler                       0x08002761   Thumb Code  1140  stm32f3xx_hal_adc_ex.o(.text)
    HAL_ADCEx_InjectedConvCpltCallback       0x08002bd5   Thumb Code     8  stm32f3xx_hal_adc_ex.o(.text)
    HAL_ADCEx_LevelOutOfWindow2Callback      0x08002bdd   Thumb Code     8  stm32f3xx_hal_adc_ex.o(.text)
    HAL_ADCEx_LevelOutOfWindow3Callback      0x08002be5   Thumb Code     8  stm32f3xx_hal_adc_ex.o(.text)
    HAL_ADCEx_InjectedQueueOverflowCallback  0x08002bed   Thumb Code     8  stm32f3xx_hal_adc_ex.o(.text)
    HAL_ADCEx_Calibration_Start              0x08002bf5   Thumb Code   254  stm32f3xx_hal_adc_ex.o(.text)
    HAL_ADCEx_Calibration_GetValue           0x08002cf5   Thumb Code    50  stm32f3xx_hal_adc_ex.o(.text)
    HAL_ADCEx_Calibration_SetValue           0x08002d29   Thumb Code   216  stm32f3xx_hal_adc_ex.o(.text)
    HAL_ADCEx_InjectedStart                  0x08002e01   Thumb Code   336  stm32f3xx_hal_adc_ex.o(.text)
    HAL_ADCEx_InjectedStop                   0x08002f51   Thumb Code   214  stm32f3xx_hal_adc_ex.o(.text)
    HAL_ADCEx_InjectedPollForConversion      0x08003029   Thumb Code   322  stm32f3xx_hal_adc_ex.o(.text)
    HAL_ADCEx_InjectedStart_IT               0x0800316d   Thumb Code   416  stm32f3xx_hal_adc_ex.o(.text)
    HAL_ADCEx_InjectedStop_IT                0x0800330d   Thumb Code   226  stm32f3xx_hal_adc_ex.o(.text)
    HAL_ADCEx_MultiModeStart_DMA             0x080033f1   Thumb Code   398  stm32f3xx_hal_adc_ex.o(.text)
    HAL_ADCEx_MultiModeStop_DMA              0x08003581   Thumb Code   458  stm32f3xx_hal_adc_ex.o(.text)
    HAL_ADCEx_MultiModeGetValue              0x0800374d   Thumb Code    22  stm32f3xx_hal_adc_ex.o(.text)
    HAL_ADCEx_InjectedGetValue               0x08003765   Thumb Code    88  stm32f3xx_hal_adc_ex.o(.text)
    HAL_ADCEx_RegularStop                    0x080037bd   Thumb Code   170  stm32f3xx_hal_adc_ex.o(.text)
    HAL_ADCEx_RegularStop_IT                 0x08003869   Thumb Code   182  stm32f3xx_hal_adc_ex.o(.text)
    HAL_ADCEx_RegularStop_DMA                0x08003921   Thumb Code   244  stm32f3xx_hal_adc_ex.o(.text)
    HAL_ADCEx_RegularMultiModeStop_DMA       0x08003a15   Thumb Code   494  stm32f3xx_hal_adc_ex.o(.text)
    HAL_ADC_ConfigChannel                    0x08003c05   Thumb Code  1324  stm32f3xx_hal_adc_ex.o(.text)
    HAL_ADCEx_InjectedConfigChannel          0x08004131   Thumb Code  1580  stm32f3xx_hal_adc_ex.o(.text)
    HAL_ADC_AnalogWDGConfig                  0x0800475d   Thumb Code   678  stm32f3xx_hal_adc_ex.o(.text)
    HAL_ADCEx_MultiModeConfigChannel         0x08004a05   Thumb Code   438  stm32f3xx_hal_adc_ex.o(.text)
    HAL_Init                                 0x08004bbd   Thumb Code    38  stm32f3xx_hal.o(.text)
    HAL_InitTick                             0x08004be5   Thumb Code   112  stm32f3xx_hal.o(.text)
    HAL_DeInit                               0x08004c59   Thumb Code    58  stm32f3xx_hal.o(.text)
    HAL_MspDeInit                            0x08004c95   Thumb Code     2  stm32f3xx_hal.o(.text)
    HAL_IncTick                              0x08004c99   Thumb Code    26  stm32f3xx_hal.o(.text)
    HAL_GetTick                              0x08004cb5   Thumb Code    12  stm32f3xx_hal.o(.text)
    HAL_GetTickPrio                          0x08004cc1   Thumb Code    12  stm32f3xx_hal.o(.text)
    HAL_SetTickFreq                          0x08004ccd   Thumb Code   106  stm32f3xx_hal.o(.text)
    HAL_GetTickFreq                          0x08004d39   Thumb Code    12  stm32f3xx_hal.o(.text)
    HAL_Delay                                0x08004d45   Thumb Code    66  stm32f3xx_hal.o(.text)
    HAL_SuspendTick                          0x08004d89   Thumb Code    18  stm32f3xx_hal.o(.text)
    HAL_ResumeTick                           0x08004d9d   Thumb Code    18  stm32f3xx_hal.o(.text)
    HAL_GetHalVersion                        0x08004db1   Thumb Code    10  stm32f3xx_hal.o(.text)
    HAL_GetREVID                             0x08004dbd   Thumb Code    14  stm32f3xx_hal.o(.text)
    HAL_GetDEVID                             0x08004dcd   Thumb Code    16  stm32f3xx_hal.o(.text)
    HAL_GetUIDw0                             0x08004ddd   Thumb Code    12  stm32f3xx_hal.o(.text)
    HAL_GetUIDw1                             0x08004de9   Thumb Code    12  stm32f3xx_hal.o(.text)
    HAL_GetUIDw2                             0x08004df5   Thumb Code    12  stm32f3xx_hal.o(.text)
    HAL_DBGMCU_EnableDBGSleepMode            0x08004e01   Thumb Code    18  stm32f3xx_hal.o(.text)
    HAL_DBGMCU_DisableDBGSleepMode           0x08004e15   Thumb Code    18  stm32f3xx_hal.o(.text)
    HAL_DBGMCU_EnableDBGStopMode             0x08004e29   Thumb Code    18  stm32f3xx_hal.o(.text)
    HAL_DBGMCU_DisableDBGStopMode            0x08004e3d   Thumb Code    18  stm32f3xx_hal.o(.text)
    HAL_DBGMCU_EnableDBGStandbyMode          0x08004e51   Thumb Code    18  stm32f3xx_hal.o(.text)
    HAL_DBGMCU_DisableDBGStandbyMode         0x08004e65   Thumb Code    18  stm32f3xx_hal.o(.text)
    HAL_RCC_DeInit                           0x08004e79   Thumb Code   368  stm32f3xx_hal_rcc.o(.text)
    HAL_RCC_OscConfig                        0x08004fe9   Thumb Code  2670  stm32f3xx_hal_rcc.o(.text)
    HAL_RCC_ClockConfig                      0x08005a59   Thumb Code   778  stm32f3xx_hal_rcc.o(.text)
    HAL_RCC_GetSysClockFreq                  0x08005d65   Thumb Code   194  stm32f3xx_hal_rcc.o(.text)
    HAL_RCC_MCOConfig                        0x08005e29   Thumb Code    94  stm32f3xx_hal_rcc.o(.text)
    HAL_RCC_EnableCSS                        0x08005e89   Thumb Code    12  stm32f3xx_hal_rcc.o(.text)
    HAL_RCC_DisableCSS                       0x08005e95   Thumb Code    12  stm32f3xx_hal_rcc.o(.text)
    HAL_RCC_GetHCLKFreq                      0x08005ea1   Thumb Code    12  stm32f3xx_hal_rcc.o(.text)
    HAL_RCC_GetPCLK1Freq                     0x08005ead   Thumb Code    34  stm32f3xx_hal_rcc.o(.text)
    HAL_RCC_GetPCLK2Freq                     0x08005ed1   Thumb Code    34  stm32f3xx_hal_rcc.o(.text)
    HAL_RCC_GetOscConfig                     0x08005ef5   Thumb Code   302  stm32f3xx_hal_rcc.o(.text)
    HAL_RCC_GetClockConfig                   0x08006025   Thumb Code    84  stm32f3xx_hal_rcc.o(.text)
    HAL_RCC_NMI_IRQHandler                   0x08006079   Thumb Code    40  stm32f3xx_hal_rcc.o(.text)
    HAL_RCC_CSSCallback                      0x080060a1   Thumb Code     2  stm32f3xx_hal_rcc.o(.text)
    HAL_RCCEx_PeriphCLKConfig                0x080060a5   Thumb Code   858  stm32f3xx_hal_rcc_ex.o(.text)
    HAL_RCCEx_GetPeriphCLKConfig             0x08006401   Thumb Code   230  stm32f3xx_hal_rcc_ex.o(.text)
    HAL_RCCEx_GetPeriphCLKFreq               0x080064e9   Thumb Code  1368  stm32f3xx_hal_rcc_ex.o(.text)
    HAL_GPIO_Init                            0x08006ab5   Thumb Code   844  stm32f3xx_hal_gpio.o(.text)
    HAL_GPIO_DeInit                          0x08006e01   Thumb Code   444  stm32f3xx_hal_gpio.o(.text)
    HAL_GPIO_ReadPin                         0x08006fbd   Thumb Code    46  stm32f3xx_hal_gpio.o(.text)
    HAL_GPIO_WritePin                        0x08006fed   Thumb Code    44  stm32f3xx_hal_gpio.o(.text)
    HAL_GPIO_TogglePin                       0x08007019   Thumb Code    38  stm32f3xx_hal_gpio.o(.text)
    HAL_GPIO_LockPin                         0x08007041   Thumb Code    86  stm32f3xx_hal_gpio.o(.text)
    HAL_GPIO_EXTI_IRQHandler                 0x08007099   Thumb Code    56  stm32f3xx_hal_gpio.o(.text)
    HAL_GPIO_EXTI_Callback                   0x080070d1   Thumb Code    10  stm32f3xx_hal_gpio.o(.text)
    HAL_DMA_Init                             0x080070dd   Thumb Code   136  stm32f3xx_hal_dma.o(.text)
    HAL_DMA_DeInit                           0x080071e1   Thumb Code   134  stm32f3xx_hal_dma.o(.text)
    HAL_DMA_Start                            0x08007269   Thumb Code   154  stm32f3xx_hal_dma.o(.text)
    HAL_DMA_Start_IT                         0x08007355   Thumb Code   202  stm32f3xx_hal_dma.o(.text)
    HAL_DMA_Abort                            0x08007421   Thumb Code   130  stm32f3xx_hal_dma.o(.text)
    HAL_DMA_Abort_IT                         0x080074a5   Thumb Code   120  stm32f3xx_hal_dma.o(.text)
    HAL_DMA_PollForTransfer                  0x0800751d   Thumb Code   336  stm32f3xx_hal_dma.o(.text)
    HAL_DMA_IRQHandler                       0x0800766d   Thumb Code   316  stm32f3xx_hal_dma.o(.text)
    HAL_DMA_RegisterCallback                 0x080077a9   Thumb Code   164  stm32f3xx_hal_dma.o(.text)
    HAL_DMA_UnRegisterCallback               0x0800784d   Thumb Code   184  stm32f3xx_hal_dma.o(.text)
    HAL_DMA_GetState                         0x08007905   Thumb Code    14  stm32f3xx_hal_dma.o(.text)
    HAL_DMA_GetError                         0x08007915   Thumb Code    12  stm32f3xx_hal_dma.o(.text)
    HAL_NVIC_SetPriorityGrouping             0x08007921   Thumb Code    16  stm32f3xx_hal_cortex.o(.text)
    HAL_NVIC_SetPriority                     0x0800796d   Thumb Code    50  stm32f3xx_hal_cortex.o(.text)
    HAL_NVIC_EnableIRQ                       0x08007a61   Thumb Code    20  stm32f3xx_hal_cortex.o(.text)
    HAL_NVIC_DisableIRQ                      0x08007aa5   Thumb Code    20  stm32f3xx_hal_cortex.o(.text)
    HAL_NVIC_SystemReset                     0x08007af1   Thumb Code     4  stm32f3xx_hal_cortex.o(.text)
    HAL_SYSTICK_Config                       0x08007b1d   Thumb Code    16  stm32f3xx_hal_cortex.o(.text)
    HAL_MPU_Disable                          0x08007b81   Thumb Code    30  stm32f3xx_hal_cortex.o(.text)
    HAL_MPU_Enable                           0x08007ba1   Thumb Code    40  stm32f3xx_hal_cortex.o(.text)
    HAL_MPU_EnableRegion                     0x08007bc9   Thumb Code    36  stm32f3xx_hal_cortex.o(.text)
    HAL_MPU_DisableRegion                    0x08007bed   Thumb Code    36  stm32f3xx_hal_cortex.o(.text)
    HAL_MPU_ConfigRegion                     0x08007c11   Thumb Code   128  stm32f3xx_hal_cortex.o(.text)
    HAL_NVIC_GetPriorityGrouping             0x08007c91   Thumb Code     8  stm32f3xx_hal_cortex.o(.text)
    HAL_NVIC_GetPriority                     0x08007c99   Thumb Code    36  stm32f3xx_hal_cortex.o(.text)
    HAL_NVIC_SetPendingIRQ                   0x08007d79   Thumb Code    20  stm32f3xx_hal_cortex.o(.text)
    HAL_NVIC_GetPendingIRQ                   0x08007dbd   Thumb Code    20  stm32f3xx_hal_cortex.o(.text)
    HAL_NVIC_ClearPendingIRQ                 0x08007e11   Thumb Code    20  stm32f3xx_hal_cortex.o(.text)
    HAL_NVIC_GetActive                       0x08007e55   Thumb Code    20  stm32f3xx_hal_cortex.o(.text)
    HAL_SYSTICK_CLKSourceConfig              0x08007ea9   Thumb Code    52  stm32f3xx_hal_cortex.o(.text)
    HAL_SYSTICK_IRQHandler                   0x08007edd   Thumb Code     8  stm32f3xx_hal_cortex.o(.text)
    HAL_SYSTICK_Callback                     0x08007ee5   Thumb Code     2  stm32f3xx_hal_cortex.o(.text)
    HAL_DAC_Init                             0x08007ee9   Thumb Code    74  stm32f3xx_hal_dac.o(.text)
    HAL_DAC_DeInit                           0x08007f3d   Thumb Code    68  stm32f3xx_hal_dac.o(.text)
    HAL_DAC_Stop                             0x08007f95   Thumb Code    34  stm32f3xx_hal_dac.o(.text)
    HAL_DAC_Stop_DMA                         0x08007fb9   Thumb Code   116  stm32f3xx_hal_dac.o(.text)
    HAL_DACEx_DualSetValue                   0x08008065   Thumb Code    16  stm32f3xx_hal_dac.o(.text)
    HAL_DAC_GetState                         0x08008075   Thumb Code    12  stm32f3xx_hal_dac.o(.text)
    HAL_DAC_GetError                         0x08008081   Thumb Code    12  stm32f3xx_hal_dac.o(.text)
    HAL_DAC_ErrorCallbackCh1                 0x0800809d   Thumb Code     8  stm32f3xx_hal_dac.o(.text)
    HAL_DAC_SetValue                         0x080080ad   Thumb Code    50  stm32f3xx_hal_dac_ex.o(.text)
    HAL_DAC_Start                            0x080080e1   Thumb Code   122  stm32f3xx_hal_dac_ex.o(.text)
    HAL_DAC_Start_DMA                        0x0800815d   Thumb Code   236  stm32f3xx_hal_dac_ex.o(.text)
    HAL_DAC_GetValue                         0x080082a5   Thumb Code    16  stm32f3xx_hal_dac_ex.o(.text)
    HAL_DACEx_DualGetValue                   0x080082b5   Thumb Code    26  stm32f3xx_hal_dac_ex.o(.text)
    HAL_DAC_IRQHandler                       0x080082d1   Thumb Code    86  stm32f3xx_hal_dac_ex.o(.text)
    HAL_DAC_ConfigChannel                    0x08008329   Thumb Code   156  stm32f3xx_hal_dac_ex.o(.text)
    HAL_DACEx_TriangleWaveGenerate           0x080083c5   Thumb Code   108  stm32f3xx_hal_dac_ex.o(.text)
    HAL_DACEx_NoiseWaveGenerate              0x08008431   Thumb Code   108  stm32f3xx_hal_dac_ex.o(.text)
    HAL_TIM_Base_Init                        0x0800849d   Thumb Code   168  stm32f3xx_hal_tim.o(.text)
    TIM_Base_SetConfig                       0x0800854d   Thumb Code   358  stm32f3xx_hal_tim.o(.text)
    HAL_TIM_Base_DeInit                      0x080086b5   Thumb Code   178  stm32f3xx_hal_tim.o(.text)
    HAL_TIM_Base_Start                       0x08008771   Thumb Code   196  stm32f3xx_hal_tim.o(.text)
    HAL_TIM_Base_Stop                        0x08008835   Thumb Code    70  stm32f3xx_hal_tim.o(.text)
    HAL_TIM_Base_Start_IT                    0x0800887d   Thumb Code   208  stm32f3xx_hal_tim.o(.text)
    HAL_TIM_Base_Stop_IT                     0x0800894d   Thumb Code    82  stm32f3xx_hal_tim.o(.text)
    HAL_TIM_Base_Start_DMA                   0x080089a1   Thumb Code   336  stm32f3xx_hal_tim.o(.text)
    TIM_DMAError                             0x08008b35   Thumb Code   154  stm32f3xx_hal_tim.o(.text)
    HAL_TIM_Base_Stop_DMA                    0x08008bd1   Thumb Code    92  stm32f3xx_hal_tim.o(.text)
    HAL_TIM_OC_Init                          0x08008c2d   Thumb Code   168  stm32f3xx_hal_tim.o(.text)
    HAL_TIM_OC_MspInit                       0x08008cd5   Thumb Code     8  stm32f3xx_hal_tim.o(.text)
    HAL_TIM_OC_DeInit                        0x08008cdd   Thumb Code   178  stm32f3xx_hal_tim.o(.text)
    HAL_TIM_OC_MspDeInit                     0x08008d91   Thumb Code     8  stm32f3xx_hal_tim.o(.text)
    HAL_TIM_OC_Start                         0x08008d99   Thumb Code   566  stm32f3xx_hal_tim.o(.text)
    TIM_CCxChannelCmd                        0x08008fd1   Thumb Code    54  stm32f3xx_hal_tim.o(.text)
    HAL_TIM_OC_Stop                          0x08009009   Thumb Code   360  stm32f3xx_hal_tim.o(.text)
    HAL_TIM_OC_Start_IT                      0x08009171   Thumb Code   680  stm32f3xx_hal_tim.o(.text)
    HAL_TIM_OC_Stop_IT                       0x08009419   Thumb Code   474  stm32f3xx_hal_tim.o(.text)
    HAL_TIM_OC_Start_DMA                     0x080095f5   Thumb Code  1142  stm32f3xx_hal_tim.o(.text)
    TIM_DMADelayPulseHalfCplt                0x08009b29   Thumb Code   116  stm32f3xx_hal_tim.o(.text)
    HAL_TIM_OC_Stop_DMA                      0x08009b9d   Thumb Code   506  stm32f3xx_hal_tim.o(.text)
    HAL_TIM_PWM_Init                         0x08009d99   Thumb Code   168  stm32f3xx_hal_tim.o(.text)
    HAL_TIM_PWM_MspInit                      0x08009e41   Thumb Code     8  stm32f3xx_hal_tim.o(.text)
    HAL_TIM_PWM_DeInit                       0x08009e49   Thumb Code   178  stm32f3xx_hal_tim.o(.text)
    HAL_TIM_PWM_MspDeInit                    0x08009efd   Thumb Code     8  stm32f3xx_hal_tim.o(.text)
    HAL_TIM_PWM_Start                        0x08009f05   Thumb Code   566  stm32f3xx_hal_tim.o(.text)
    HAL_TIM_PWM_Stop                         0x0800a13d   Thumb Code   360  stm32f3xx_hal_tim.o(.text)
    HAL_TIM_PWM_Start_IT                     0x0800a2a5   Thumb Code   680  stm32f3xx_hal_tim.o(.text)
    HAL_TIM_PWM_Stop_IT                      0x0800a54d   Thumb Code   474  stm32f3xx_hal_tim.o(.text)
    HAL_TIM_PWM_Start_DMA                    0x0800a729   Thumb Code  1142  stm32f3xx_hal_tim.o(.text)
    HAL_TIM_PWM_Stop_DMA                     0x0800aba1   Thumb Code   506  stm32f3xx_hal_tim.o(.text)
    HAL_TIM_IC_Init                          0x0800ad9d   Thumb Code   168  stm32f3xx_hal_tim.o(.text)
    HAL_TIM_IC_MspInit                       0x0800ae45   Thumb Code     8  stm32f3xx_hal_tim.o(.text)
    HAL_TIM_IC_DeInit                        0x0800ae4d   Thumb Code   178  stm32f3xx_hal_tim.o(.text)
    HAL_TIM_IC_MspDeInit                     0x0800af01   Thumb Code     8  stm32f3xx_hal_tim.o(.text)
    HAL_TIM_IC_Start                         0x0800af09   Thumb Code   628  stm32f3xx_hal_tim.o(.text)
    HAL_TIM_IC_Stop                          0x0800b17d   Thumb Code   286  stm32f3xx_hal_tim.o(.text)
    HAL_TIM_IC_Start_IT                      0x0800b29d   Thumb Code   740  stm32f3xx_hal_tim.o(.text)
    HAL_TIM_IC_Stop_IT                       0x0800b581   Thumb Code   400  stm32f3xx_hal_tim.o(.text)
    HAL_TIM_IC_Start_DMA                     0x0800b711   Thumb Code  1080  stm32f3xx_hal_tim.o(.text)
    TIM_DMACaptureCplt                       0x0800bb49   Thumb Code   212  stm32f3xx_hal_tim.o(.text)
    TIM_DMACaptureHalfCplt                   0x0800bc1d   Thumb Code   116  stm32f3xx_hal_tim.o(.text)
    HAL_TIM_IC_Stop_DMA                      0x0800bc91   Thumb Code   430  stm32f3xx_hal_tim.o(.text)
    HAL_TIM_OnePulse_Init                    0x0800be41   Thumb Code   144  stm32f3xx_hal_tim.o(.text)
    HAL_TIM_OnePulse_MspInit                 0x0800bed1   Thumb Code     8  stm32f3xx_hal_tim.o(.text)
    HAL_TIM_OnePulse_DeInit                  0x0800bed9   Thumb Code   128  stm32f3xx_hal_tim.o(.text)
    HAL_TIM_OnePulse_MspDeInit               0x0800bf59   Thumb Code     8  stm32f3xx_hal_tim.o(.text)
    HAL_TIM_OnePulse_Start                   0x0800bf61   Thumb Code   276  stm32f3xx_hal_tim.o(.text)
    HAL_TIM_OnePulse_Stop                    0x0800c075   Thumb Code   270  stm32f3xx_hal_tim.o(.text)
    HAL_TIM_OnePulse_Start_IT                0x0800c185   Thumb Code   300  stm32f3xx_hal_tim.o(.text)
    HAL_TIM_OnePulse_Stop_IT                 0x0800c2b1   Thumb Code   294  stm32f3xx_hal_tim.o(.text)
    HAL_TIM_Encoder_Init                     0x0800c3d9   Thumb Code   308  stm32f3xx_hal_tim.o(.text)
    HAL_TIM_Encoder_MspInit                  0x0800c50d   Thumb Code     8  stm32f3xx_hal_tim.o(.text)
    HAL_TIM_Encoder_DeInit                   0x0800c515   Thumb Code   128  stm32f3xx_hal_tim.o(.text)
    HAL_TIM_Encoder_MspDeInit                0x0800c595   Thumb Code     8  stm32f3xx_hal_tim.o(.text)
    HAL_TIM_Encoder_Start                    0x0800c59d   Thumb Code   334  stm32f3xx_hal_tim.o(.text)
    HAL_TIM_Encoder_Stop                     0x0800c6ed   Thumb Code   390  stm32f3xx_hal_tim.o(.text)
    HAL_TIM_Encoder_Start_IT                 0x0800c875   Thumb Code   382  stm32f3xx_hal_tim.o(.text)
    HAL_TIM_Encoder_Stop_IT                  0x0800c9f5   Thumb Code   438  stm32f3xx_hal_tim.o(.text)
    HAL_TIM_Encoder_Start_DMA                0x0800cbad   Thumb Code   896  stm32f3xx_hal_tim.o(.text)
    HAL_TIM_Encoder_Stop_DMA                 0x0800cf2d   Thumb Code   470  stm32f3xx_hal_tim.o(.text)
    HAL_TIM_IRQHandler                       0x0800d105   Thumb Code   580  stm32f3xx_hal_tim.o(.text)
    HAL_TIM_IC_CaptureCallback               0x0800d349   Thumb Code     8  stm32f3xx_hal_tim.o(.text)
    HAL_TIM_OC_DelayElapsedCallback          0x0800d351   Thumb Code     8  stm32f3xx_hal_tim.o(.text)
    HAL_TIM_PWM_PulseFinishedCallback        0x0800d359   Thumb Code     8  stm32f3xx_hal_tim.o(.text)
    HAL_TIM_PeriodElapsedCallback            0x0800d361   Thumb Code     8  stm32f3xx_hal_tim.o(.text)
    HAL_TIM_TriggerCallback                  0x0800d369   Thumb Code     8  stm32f3xx_hal_tim.o(.text)
    HAL_TIM_OC_ConfigChannel                 0x0800d371   Thumb Code   196  stm32f3xx_hal_tim.o(.text)
    TIM_OC2_SetConfig                        0x0800d569   Thumb Code   336  stm32f3xx_hal_tim.o(.text)
    HAL_TIM_IC_ConfigChannel                 0x0800da5d   Thumb Code   304  stm32f3xx_hal_tim.o(.text)
    TIM_TI1_SetConfig                        0x0800db8d   Thumb Code   220  stm32f3xx_hal_tim.o(.text)
    HAL_TIM_PWM_ConfigChannel                0x0800ddad   Thumb Code   432  stm32f3xx_hal_tim.o(.text)
    HAL_TIM_OnePulse_ConfigChannel           0x0800df5d   Thumb Code   406  stm32f3xx_hal_tim.o(.text)
    HAL_TIM_DMABurst_WriteStart              0x0800e0f5   Thumb Code    62  stm32f3xx_hal_tim.o(.text)
    HAL_TIM_DMABurst_MultiWriteStart         0x0800e135   Thumb Code   736  stm32f3xx_hal_tim.o(.text)
    HAL_TIM_DMABurst_WriteStop               0x0800e459   Thumb Code   202  stm32f3xx_hal_tim.o(.text)
    HAL_TIM_DMABurst_ReadStart               0x0800e525   Thumb Code    62  stm32f3xx_hal_tim.o(.text)
    HAL_TIM_DMABurst_MultiReadStart          0x0800e565   Thumb Code   736  stm32f3xx_hal_tim.o(.text)
    HAL_TIM_DMABurst_ReadStop                0x0800e845   Thumb Code   202  stm32f3xx_hal_tim.o(.text)
    HAL_TIM_GenerateEvent                    0x0800e911   Thumb Code    92  stm32f3xx_hal_tim.o(.text)
    HAL_TIM_ConfigOCrefClear                 0x0800e96d   Thumb Code   508  stm32f3xx_hal_tim.o(.text)
    TIM_ETR_SetConfig                        0x0800eb69   Thumb Code    52  stm32f3xx_hal_tim.o(.text)
    HAL_TIM_ConfigClockSource                0x0800eb9d   Thumb Code   394  stm32f3xx_hal_tim.o(.text)
    HAL_TIM_ConfigTI1Input                   0x0800edf9   Thumb Code    44  stm32f3xx_hal_tim.o(.text)
    HAL_TIM_SlaveConfigSynchro               0x0800ee25   Thumb Code   150  stm32f3xx_hal_tim.o(.text)
    HAL_TIM_SlaveConfigSynchro_IT            0x0800efed   Thumb Code   150  stm32f3xx_hal_tim.o(.text)
    HAL_TIM_ReadCapturedValue                0x0800f085   Thumb Code    86  stm32f3xx_hal_tim.o(.text)
    HAL_TIM_PeriodElapsedHalfCpltCallback    0x0800f0dd   Thumb Code     8  stm32f3xx_hal_tim.o(.text)
    HAL_TIM_IC_CaptureHalfCpltCallback       0x0800f0e5   Thumb Code     8  stm32f3xx_hal_tim.o(.text)
    HAL_TIM_PWM_PulseFinishedHalfCpltCallback 0x0800f0ed   Thumb Code     8  stm32f3xx_hal_tim.o(.text)
    HAL_TIM_TriggerHalfCpltCallback          0x0800f0f5   Thumb Code     8  stm32f3xx_hal_tim.o(.text)
    HAL_TIM_ErrorCallback                    0x0800f0fd   Thumb Code     8  stm32f3xx_hal_tim.o(.text)
    HAL_TIM_Base_GetState                    0x0800f105   Thumb Code    14  stm32f3xx_hal_tim.o(.text)
    HAL_TIM_OC_GetState                      0x0800f115   Thumb Code    14  stm32f3xx_hal_tim.o(.text)
    HAL_TIM_PWM_GetState                     0x0800f125   Thumb Code    14  stm32f3xx_hal_tim.o(.text)
    HAL_TIM_IC_GetState                      0x0800f135   Thumb Code    14  stm32f3xx_hal_tim.o(.text)
    HAL_TIM_OnePulse_GetState                0x0800f145   Thumb Code    14  stm32f3xx_hal_tim.o(.text)
    HAL_TIM_Encoder_GetState                 0x0800f155   Thumb Code    14  stm32f3xx_hal_tim.o(.text)
    HAL_TIM_GetActiveChannel                 0x0800f165   Thumb Code    12  stm32f3xx_hal_tim.o(.text)
    HAL_TIM_GetChannelState                  0x0800f171   Thumb Code   142  stm32f3xx_hal_tim.o(.text)
    HAL_TIM_DMABurstState                    0x0800f201   Thumb Code    14  stm32f3xx_hal_tim.o(.text)
    HAL_TIMEx_HallSensor_Init                0x0800f211   Thumb Code   286  stm32f3xx_hal_tim_ex.o(.text)
    HAL_TIMEx_HallSensor_MspInit             0x0800f331   Thumb Code     8  stm32f3xx_hal_tim_ex.o(.text)
    HAL_TIMEx_HallSensor_DeInit              0x0800f339   Thumb Code   128  stm32f3xx_hal_tim_ex.o(.text)
    HAL_TIMEx_HallSensor_MspDeInit           0x0800f3b9   Thumb Code     8  stm32f3xx_hal_tim_ex.o(.text)
    HAL_TIMEx_HallSensor_Start               0x0800f3c1   Thumb Code   296  stm32f3xx_hal_tim_ex.o(.text)
    HAL_TIMEx_HallSensor_Stop                0x0800f4e9   Thumb Code   102  stm32f3xx_hal_tim_ex.o(.text)
    HAL_TIMEx_HallSensor_Start_IT            0x0800f551   Thumb Code   308  stm32f3xx_hal_tim_ex.o(.text)
    HAL_TIMEx_HallSensor_Stop_IT             0x0800f685   Thumb Code   114  stm32f3xx_hal_tim_ex.o(.text)
    HAL_TIMEx_HallSensor_Start_DMA           0x0800f6f9   Thumb Code   390  stm32f3xx_hal_tim_ex.o(.text)
    HAL_TIMEx_HallSensor_Stop_DMA            0x0800f881   Thumb Code   110  stm32f3xx_hal_tim_ex.o(.text)
    HAL_TIMEx_OCN_Start                      0x0800f8f1   Thumb Code   364  stm32f3xx_hal_tim_ex.o(.text)
    HAL_TIMEx_OCN_Stop                       0x0800fa95   Thumb Code   208  stm32f3xx_hal_tim_ex.o(.text)
    HAL_TIMEx_OCN_Start_IT                   0x0800fb65   Thumb Code   470  stm32f3xx_hal_tim_ex.o(.text)
    HAL_TIMEx_OCN_Stop_IT                    0x0800fd3d   Thumb Code   338  stm32f3xx_hal_tim_ex.o(.text)
    HAL_TIMEx_OCN_Start_DMA                  0x0800fe91   Thumb Code   798  stm32f3xx_hal_tim_ex.o(.text)
    HAL_TIMEx_OCN_Stop_DMA                   0x080102b9   Thumb Code   326  stm32f3xx_hal_tim_ex.o(.text)
    HAL_TIMEx_PWMN_Start                     0x08010401   Thumb Code   364  stm32f3xx_hal_tim_ex.o(.text)
    HAL_TIMEx_PWMN_Stop                      0x0801056d   Thumb Code   208  stm32f3xx_hal_tim_ex.o(.text)
    HAL_TIMEx_PWMN_Start_IT                  0x0801063d   Thumb Code   470  stm32f3xx_hal_tim_ex.o(.text)
    HAL_TIMEx_PWMN_Stop_IT                   0x08010815   Thumb Code   338  stm32f3xx_hal_tim_ex.o(.text)
    HAL_TIMEx_PWMN_Start_DMA                 0x08010969   Thumb Code   798  stm32f3xx_hal_tim_ex.o(.text)
    HAL_TIMEx_PWMN_Stop_DMA                  0x08010c89   Thumb Code   326  stm32f3xx_hal_tim_ex.o(.text)
    HAL_TIMEx_OnePulseN_Start                0x08010dd1   Thumb Code   186  stm32f3xx_hal_tim_ex.o(.text)
    HAL_TIMEx_OnePulseN_Stop                 0x08010e8d   Thumb Code   182  stm32f3xx_hal_tim_ex.o(.text)
    HAL_TIMEx_OnePulseN_Start_IT             0x08010f45   Thumb Code   210  stm32f3xx_hal_tim_ex.o(.text)
    HAL_TIMEx_OnePulseN_Stop_IT              0x08011019   Thumb Code   206  stm32f3xx_hal_tim_ex.o(.text)
    HAL_TIMEx_ConfigCommutEvent              0x080110e9   Thumb Code   186  stm32f3xx_hal_tim_ex.o(.text)
    HAL_TIMEx_ConfigCommutEvent_IT           0x080111a5   Thumb Code   186  stm32f3xx_hal_tim_ex.o(.text)
    HAL_TIMEx_ConfigCommutEvent_DMA          0x08011261   Thumb Code   228  stm32f3xx_hal_tim_ex.o(.text)
    TIMEx_DMACommutationCplt                 0x08011345   Thumb Code    30  stm32f3xx_hal_tim_ex.o(.text)
    TIMEx_DMACommutationHalfCplt             0x08011365   Thumb Code    30  stm32f3xx_hal_tim_ex.o(.text)
    HAL_TIMEx_MasterConfigSynchronization    0x08011385   Thumb Code   276  stm32f3xx_hal_tim_ex.o(.text)
    HAL_TIMEx_ConfigBreakDeadTime            0x08011499   Thumb Code   258  stm32f3xx_hal_tim_ex.o(.text)
    HAL_TIMEx_RemapConfig                    0x0801159d   Thumb Code    76  stm32f3xx_hal_tim_ex.o(.text)
    HAL_TIMEx_GroupChannel5                  0x080115e9   Thumb Code   108  stm32f3xx_hal_tim_ex.o(.text)
    HAL_TIMEx_CommutCallback                 0x08011655   Thumb Code     8  stm32f3xx_hal_tim_ex.o(.text)
    HAL_TIMEx_CommutHalfCpltCallback         0x0801165d   Thumb Code     8  stm32f3xx_hal_tim_ex.o(.text)
    HAL_TIMEx_BreakCallback                  0x08011665   Thumb Code     8  stm32f3xx_hal_tim_ex.o(.text)
    HAL_TIMEx_Break2Callback                 0x0801166d   Thumb Code     8  stm32f3xx_hal_tim_ex.o(.text)
    HAL_TIMEx_HallSensor_GetState            0x08011675   Thumb Code    14  stm32f3xx_hal_tim_ex.o(.text)
    HAL_TIMEx_GetChannelNState               0x08011685   Thumb Code    94  stm32f3xx_hal_tim_ex.o(.text)
    HAL_UART_Init                            0x080116e5   Thumb Code   166  stm32f3xx_hal_uart.o(.text)
    UART_AdvFeatureConfig                    0x08011795   Thumb Code   328  stm32f3xx_hal_uart.o(.text)
    UART_SetConfig                           0x080118dd   Thumb Code  1020  stm32f3xx_hal_uart.o(.text)
    UART_CheckIdleState                      0x08011cd9   Thumb Code   322  stm32f3xx_hal_uart.o(.text)
    HAL_HalfDuplex_Init                      0x08011e1d   Thumb Code   166  stm32f3xx_hal_uart.o(.text)
    HAL_LIN_Init                             0x08011ec5   Thumb Code   224  stm32f3xx_hal_uart.o(.text)
    HAL_MultiProcessor_Init                  0x08011fa5   Thumb Code   216  stm32f3xx_hal_uart.o(.text)
    HAL_UART_DeInit                          0x0801207d   Thumb Code   120  stm32f3xx_hal_uart.o(.text)
    HAL_UART_Transmit                        0x080120fd   Thumb Code   302  stm32f3xx_hal_uart.o(.text)
    UART_WaitOnFlagUntilTimeout              0x0801222d   Thumb Code   268  stm32f3xx_hal_uart.o(.text)
    HAL_UART_Receive                         0x08012339   Thumb Code   394  stm32f3xx_hal_uart.o(.text)
    HAL_UART_Transmit_IT                     0x080124c5   Thumb Code   196  stm32f3xx_hal_uart.o(.text)
    HAL_UART_Receive_IT                      0x080126ad   Thumb Code   140  stm32f3xx_hal_uart.o(.text)
    UART_Start_Receive_IT                    0x08012739   Thumb Code   336  stm32f3xx_hal_uart.o(.text)
    HAL_UART_Transmit_DMA                    0x08012889   Thumb Code   258  stm32f3xx_hal_uart.o(.text)
    HAL_UART_Receive_DMA                     0x08012a9d   Thumb Code   140  stm32f3xx_hal_uart.o(.text)
    UART_Start_Receive_DMA                   0x08012b29   Thumb Code   290  stm32f3xx_hal_uart.o(.text)
    HAL_UART_DMAPause                        0x08012c4d   Thumb Code   224  stm32f3xx_hal_uart.o(.text)
    HAL_UART_DMAResume                       0x08012d2d   Thumb Code   206  stm32f3xx_hal_uart.o(.text)
    HAL_UART_DMAStop                         0x08012dfd   Thumb Code   280  stm32f3xx_hal_uart.o(.text)
    HAL_UART_Abort                           0x08012fe1   Thumb Code   434  stm32f3xx_hal_uart.o(.text)
    HAL_UART_AbortTransmit                   0x08013195   Thumb Code   188  stm32f3xx_hal_uart.o(.text)
    HAL_UART_AbortReceive                    0x08013251   Thumb Code   302  stm32f3xx_hal_uart.o(.text)
    HAL_UART_Abort_IT                        0x08013381   Thumb Code   510  stm32f3xx_hal_uart.o(.text)
    HAL_UART_AbortCpltCallback               0x08013655   Thumb Code     8  stm32f3xx_hal_uart.o(.text)
    HAL_UART_AbortTransmit_IT                0x0801365d   Thumb Code   202  stm32f3xx_hal_uart.o(.text)
    HAL_UART_AbortTransmitCpltCallback       0x0801374d   Thumb Code     8  stm32f3xx_hal_uart.o(.text)
    HAL_UART_AbortReceive_IT                 0x08013755   Thumb Code   330  stm32f3xx_hal_uart.o(.text)
    HAL_UART_AbortReceiveCpltCallback        0x080138e1   Thumb Code     8  stm32f3xx_hal_uart.o(.text)
    HAL_UART_IRQHandler                      0x080138e9   Thumb Code  1244  stm32f3xx_hal_uart.o(.text)
    HAL_UART_ErrorCallback                   0x08013de9   Thumb Code     8  stm32f3xx_hal_uart.o(.text)
    HAL_UARTEx_RxEventCallback               0x08013df1   Thumb Code    12  stm32f3xx_hal_uart.o(.text)
    HAL_UART_TxCpltCallback                  0x08013e41   Thumb Code     8  stm32f3xx_hal_uart.o(.text)
    HAL_UART_TxHalfCpltCallback              0x08013e49   Thumb Code     8  stm32f3xx_hal_uart.o(.text)
    HAL_UART_RxCpltCallback                  0x08013e51   Thumb Code     8  stm32f3xx_hal_uart.o(.text)
    HAL_UART_RxHalfCpltCallback              0x08013e59   Thumb Code     8  stm32f3xx_hal_uart.o(.text)
    HAL_UART_ReceiverTimeout_Config          0x08013e61   Thumb Code    30  stm32f3xx_hal_uart.o(.text)
    HAL_UART_EnableReceiverTimeout           0x08013e81   Thumb Code   108  stm32f3xx_hal_uart.o(.text)
    HAL_UART_DisableReceiverTimeout          0x08013eed   Thumb Code   108  stm32f3xx_hal_uart.o(.text)
    HAL_MultiProcessor_EnableMuteMode        0x08013f59   Thumb Code   110  stm32f3xx_hal_uart.o(.text)
    HAL_MultiProcessor_DisableMuteMode       0x08013fc9   Thumb Code   110  stm32f3xx_hal_uart.o(.text)
    HAL_MultiProcessor_EnterMuteMode         0x08014039   Thumb Code    20  stm32f3xx_hal_uart.o(.text)
    HAL_HalfDuplex_EnableTransmitter         0x0801404d   Thumb Code   154  stm32f3xx_hal_uart.o(.text)
    HAL_HalfDuplex_EnableReceiver            0x080140e9   Thumb Code   154  stm32f3xx_hal_uart.o(.text)
    HAL_LIN_SendBreak                        0x08014185   Thumb Code    90  stm32f3xx_hal_uart.o(.text)
    HAL_UART_GetState                        0x080141e1   Thumb Code    28  stm32f3xx_hal_uart.o(.text)
    HAL_UART_GetError                        0x080141fd   Thumb Code    14  stm32f3xx_hal_uart.o(.text)
    HAL_RS485Ex_Init                         0x08014615   Thumb Code   204  stm32f3xx_hal_uart_ex.o(.text)
    HAL_UARTEx_WakeupCallback                0x080146e1   Thumb Code     8  stm32f3xx_hal_uart_ex.o(.text)
    HAL_MultiProcessorEx_AddressLength_Set   0x080146e9   Thumb Code    92  stm32f3xx_hal_uart_ex.o(.text)
    HAL_UARTEx_StopModeWakeUpSourceConfig    0x08014745   Thumb Code   196  stm32f3xx_hal_uart_ex.o(.text)
    HAL_UARTEx_EnableStopMode                0x08014845   Thumb Code   104  stm32f3xx_hal_uart_ex.o(.text)
    HAL_UARTEx_DisableStopMode               0x080148ad   Thumb Code   104  stm32f3xx_hal_uart_ex.o(.text)
    HAL_UARTEx_ReceiveToIdle                 0x08014915   Thumb Code   516  stm32f3xx_hal_uart_ex.o(.text)
    HAL_UARTEx_ReceiveToIdle_IT              0x08014b19   Thumb Code   168  stm32f3xx_hal_uart_ex.o(.text)
    HAL_UARTEx_ReceiveToIdle_DMA             0x08014bc1   Thumb Code   176  stm32f3xx_hal_uart_ex.o(.text)
    HAL_UARTEx_GetRxEventType                0x08014c71   Thumb Code    12  stm32f3xx_hal_uart_ex.o(.text)
    SystemInit                               0x08014c7d   Thumb Code    18  system_stm32f3xx.o(.text)
    SystemCoreClockUpdate                    0x08014c91   Thumb Code   272  system_stm32f3xx.o(.text)
    Delay_us                                 0x08014da1   Thumb Code    84  delay.o(.text)
    Delay_ms                                 0x08014df5   Thumb Code    32  delay.o(.text)
    Delay_s                                  0x08014e15   Thumb Code    32  delay.o(.text)
    Key_Init                                 0x08014e35   Thumb Code    68  key.o(.text)
    Key_GetNum                               0x08014e79   Thumb Code    66  key.o(.text)
    Key_GetState                             0x08014ebd   Thumb Code    48  key.o(.text)
    Key_Kick                                 0x08014eed   Thumb Code   118  key.o(.text)
    NRF24L01_W_CE                            0x08014f65   Thumb Code    26  nrf24l01.o(.text)
    NRF24L01_W_CSN                           0x08014f81   Thumb Code    26  nrf24l01.o(.text)
    NRF24L01_W_SCK                           0x08014f9d   Thumb Code    26  nrf24l01.o(.text)
    NRF24L01_W_MOSI                          0x08014fb9   Thumb Code    26  nrf24l01.o(.text)
    NRF24L01_R_MISO                          0x08014fd5   Thumb Code    14  nrf24l01.o(.text)
    NRF24L01_GPIO_Init                       0x08014fe5   Thumb Code   114  nrf24l01.o(.text)
    NRF24L01_SPI_SwapByte                    0x08015059   Thumb Code   120  nrf24l01.o(.text)
    NRF24L01_ReadReg                         0x080150d1   Thumb Code    46  nrf24l01.o(.text)
    NRF24L01_ReadRegs                        0x08015101   Thumb Code    90  nrf24l01.o(.text)
    NRF24L01_WriteReg                        0x0801515d   Thumb Code    48  nrf24l01.o(.text)
    NRF24L01_WriteRegs                       0x0801518d   Thumb Code    92  nrf24l01.o(.text)
    NRF24L01_ReadRxPayload                   0x080151e9   Thumb Code    84  nrf24l01.o(.text)
    NRF24L01_WriteTxPayload                  0x0801523d   Thumb Code    82  nrf24l01.o(.text)
    NRF24L01_FlushTx                         0x08015291   Thumb Code    22  nrf24l01.o(.text)
    NRF24L01_FlushRx                         0x080152a9   Thumb Code    22  nrf24l01.o(.text)
    NRF24L01_ReadStatus                      0x080152c1   Thumb Code    34  nrf24l01.o(.text)
    NRF24L01_PowerDown                       0x080152e5   Thumb Code    62  nrf24l01.o(.text)
    NRF24L01_StandbyI                        0x08015325   Thumb Code    62  nrf24l01.o(.text)
    NRF24L01_Rx                              0x08015365   Thumb Code    68  nrf24l01.o(.text)
    NRF24L01_Tx                              0x080153a9   Thumb Code    80  nrf24l01.o(.text)
    NRF24L01_Init                            0x080153f9   Thumb Code   120  nrf24l01.o(.text)
    NRF24L01_Send                            0x08015471   Thumb Code   208  nrf24l01.o(.text)
    NRF24L01_Receive                         0x08015541   Thumb Code   138  nrf24l01.o(.text)
    NRF24L01_UpdateRxAddress                 0x080155cd   Thumb Code    20  nrf24l01.o(.text)
    OLED_W_SCL                               0x080155e1   Thumb Code    38  oled.o(.text)
    OLED_W_SDA                               0x08015609   Thumb Code    38  oled.o(.text)
    OLED_I2C_Init                            0x08015631   Thumb Code    98  oled.o(.text)
    OLED_I2C_Start                           0x08015695   Thumb Code    36  oled.o(.text)
    OLED_I2C_Stop                            0x080156b9   Thumb Code    28  oled.o(.text)
    OLED_I2C_SendByte                        0x080156d5   Thumb Code    86  oled.o(.text)
    OLED_WriteCommand                        0x0801572d   Thumb Code    40  oled.o(.text)
    OLED_WriteData                           0x08015755   Thumb Code    40  oled.o(.text)
    OLED_SetCursor                           0x0801577d   Thumb Code    52  oled.o(.text)
    OLED_Clear                               0x080157b1   Thumb Code    90  oled.o(.text)
    OLED_ShowChar                            0x0801580d   Thumb Code   220  oled.o(.text)
    OLED_ShowString                          0x080158e9   Thumb Code    76  oled.o(.text)
    OLED_Pow                                 0x08015935   Thumb Code    38  oled.o(.text)
    OLED_ShowNum                             0x0801595d   Thumb Code   138  oled.o(.text)
    OLED_ShowSignedNum                       0x080159e9   Thumb Code   190  oled.o(.text)
    OLED_ShowHexNum                          0x08015aa9   Thumb Code   166  oled.o(.text)
    OLED_ShowFloatNum                        0x08015b51   Thumb Code   328  oled.o(.text)
    OLED_ShowBinNum                          0x08015ca1   Thumb Code   118  oled.o(.text)
    OLED_Init                                0x08015d19   Thumb Code   206  oled.o(.text)
    __aeabi_uldivmod                         0x08015de7   Thumb Code    98  uldiv.o(.text)
    __aeabi_memset                           0x08015e49   Thumb Code    14  memseta.o(.text)
    __aeabi_memset4                          0x08015e49   Thumb Code     0  memseta.o(.text)
    __aeabi_memset8                          0x08015e49   Thumb Code     0  memseta.o(.text)
    __aeabi_memclr                           0x08015e57   Thumb Code     4  memseta.o(.text)
    __aeabi_memclr4                          0x08015e57   Thumb Code     0  memseta.o(.text)
    __aeabi_memclr8                          0x08015e57   Thumb Code     0  memseta.o(.text)
    _memset$wrapper                          0x08015e5b   Thumb Code    18  memseta.o(.text)
    __aeabi_dadd                             0x08015e6d   Thumb Code   322  dadd.o(.text)
    __aeabi_dsub                             0x08015faf   Thumb Code     6  dadd.o(.text)
    __aeabi_drsub                            0x08015fb5   Thumb Code     6  dadd.o(.text)
    __aeabi_dmul                             0x08015fbb   Thumb Code   228  dmul.o(.text)
    __aeabi_dcmplt                           0x0801609f   Thumb Code    54  dcmplt.o(.text)
    __aeabi_ui2d                             0x080160d5   Thumb Code    26  dfltui.o(.text)
    __aeabi_d2uiz                            0x080160ef   Thumb Code    50  dfixui.o(.text)
    __aeabi_uidiv                            0x08016121   Thumb Code     0  uidiv.o(.text)
    __aeabi_uidivmod                         0x08016121   Thumb Code    44  uidiv.o(.text)
    __aeabi_llsl                             0x0801614d   Thumb Code    30  llshl.o(.text)
    _ll_shift_l                              0x0801614d   Thumb Code     0  llshl.o(.text)
    __aeabi_llsr                             0x0801616b   Thumb Code    32  llushr.o(.text)
    _ll_ushift_r                             0x0801616b   Thumb Code     0  llushr.o(.text)
    __aeabi_lasr                             0x0801618b   Thumb Code    36  llsshr.o(.text)
    _ll_sshift_r                             0x0801618b   Thumb Code     0  llsshr.o(.text)
    __I$use$fp                               0x080161af   Thumb Code     0  iusefp.o(.text)
    _double_round                            0x080161af   Thumb Code    30  depilogue.o(.text)
    _double_epilogue                         0x080161cd   Thumb Code   156  depilogue.o(.text)
    __aeabi_ddiv                             0x08016269   Thumb Code   222  ddiv.o(.text)
    __aeabi_d2ulz                            0x08016347   Thumb Code    48  dfixul.o(.text)
    __aeabi_cdrcmple                         0x08016379   Thumb Code    48  cdrcmple.o(.text)
    __scatterload                            0x080163a9   Thumb Code    38  init.o(.text)
    __scatterload_rt2                        0x080163a9   Thumb Code     0  init.o(.text)
    __0printf                                0x080163d9   Thumb Code    22  printfa.o(i.__0printf)
    __1printf                                0x080163d9   Thumb Code     0  printfa.o(i.__0printf)
    __2printf                                0x080163d9   Thumb Code     0  printfa.o(i.__0printf)
    __c89printf                              0x080163d9   Thumb Code     0  printfa.o(i.__0printf)
    printf                                   0x080163d9   Thumb Code     0  printfa.o(i.__0printf)
    __scatterload_copy                       0x080163f9   Thumb Code    14  handlers.o(i.__scatterload_copy)
    __scatterload_null                       0x08016407   Thumb Code     2  handlers.o(i.__scatterload_null)
    __scatterload_zeroinit                   0x08016409   Thumb Code    14  handlers.o(i.__scatterload_zeroinit)
    AHBPrescTable                            0x08016cca   Data          16  system_stm32f3xx.o(.rodata.AHBPrescTable)
    APBPrescTable                            0x08016cda   Data           8  system_stm32f3xx.o(.rodata.APBPrescTable)
    OLED_F8x16                               0x08016d02   Data        1520  oled.o(.rodata.OLED_F8x16)
    Region$$Table$$Base                      0x08017450   Number         0  anon$$obj.o(Region$$Table)
    Region$$Table$$Limit                     0x08017470   Number         0  anon$$obj.o(Region$$Table)
    __stdout                                 0x20000000   Data           4  stdout.o(.data)
    NRF24L01_RxAddress                       0x20000004   Data           5  nrf24l01.o(.data.NRF24L01_RxAddress)
    NRF24L01_TxAddress                       0x20000009   Data           5  nrf24l01.o(.data.NRF24L01_TxAddress)
    SystemCoreClock                          0x20000010   Data           4  system_stm32f3xx.o(.data.SystemCoreClock)
    current_dma_buffer                       0x20000014   Data           4  voice_send.o(.data.current_dma_buffer)
    uwTickFreq                               0x20000018   Data           1  stm32f3xx_hal.o(.data.uwTickFreq)
    uwTickPrio                               0x2000001c   Data           4  stm32f3xx_hal.o(.data.uwTickPrio)
    NRF24L01_RxPacket                        0x20000027   Data          32  nrf24l01.o(.bss.NRF24L01_RxPacket)
    NRF24L01_TxPacket                        0x20000047   Data          32  nrf24l01.o(.bss.NRF24L01_TxPacket)
    arr1                                     0x20000068   Data         512  voice_send.o(.bss.arr1)
    arr2                                     0x20000268   Data         512  voice_send.o(.bss.arr2)
    buffer_ready                             0x20000468   Data           1  voice_send.o(.bss.buffer_ready)
    current_rx_state                         0x2000046a   Data           1  voice_recieve.o(.bss.current_rx_state)
    current_state                            0x2000046b   Data           1  voice_send.o(.bss.current_state)
    dac_buffer                               0x2000046c   Data        1024  voice_recieve.o(.bss.dac_buffer)
    hadc1                                    0x2000086c   Data          80  adc.o(.bss.hadc1)
    hdac                                     0x200008bc   Data          20  dac.o(.bss.hdac)
    hdma_adc1                                0x200008d0   Data          68  adc.o(.bss.hdma_adc1)
    hdma_dac_ch1                             0x20000914   Data          68  dac.o(.bss.hdma_dac_ch1)
    htim2                                    0x20000958   Data          76  tim.o(.bss.htim2)
    htim3                                    0x200009a4   Data          76  tim.o(.bss.htim3)
    huart1                                   0x200009f0   Data         136  usart.o(.bss.huart1)
    keynum                                   0x20001285   Data           1  key.o(.bss.keynum)
    packets_remaining                        0x2000128c   Data           1  voice_send.o(.bss.packets_remaining)
    ready_buffer                             0x20001298   Data           4  voice_send.o(.bss.ready_buffer)
    sample_read_index                        0x2000129c   Data           2  voice_send.o(.bss.sample_read_index)
    uwTick                                   0x200012a0   Data           4  stm32f3xx_hal.o(.bss.uwTick)
    __initial_sp                             0x200016a8   Data           0  startup_stm32f302xc.o(STACK)



==============================================================================

Memory Map of the image

  Image Entry point : 0x08000189

  Load Region LR_IROM1 (Base: 0x08000000, Size: 0x00017490, Max: 0x00020000, ABSOLUTE)

    Execution Region ER_IROM1 (Exec base: 0x08000000, Load base: 0x08000000, Size: 0x00017470, Max: 0x00020000, ABSOLUTE)

    Exec Addr    Load Addr    Size         Type   Attr      Idx    E Section Name        Object

    0x08000000   0x08000000   0x00000188   Data   RO            3    RESET               startup_stm32f302xc.o
    0x08000188   0x08000188   0x00000000   Code   RO          320  * .ARM.Collect$$$$00000000  mc_w.l(entry.o)
    0x08000188   0x08000188   0x00000004   Code   RO          365    .ARM.Collect$$$$00000001  mc_w.l(entry2.o)
    0x0800018c   0x0800018c   0x00000004   Code   RO          368    .ARM.Collect$$$$00000004  mc_w.l(entry5.o)
    0x08000190   0x08000190   0x00000000   Code   RO          370    .ARM.Collect$$$$00000008  mc_w.l(entry7b.o)
    0x08000190   0x08000190   0x00000000   Code   RO          372    .ARM.Collect$$$$0000000A  mc_w.l(entry8b.o)
    0x08000190   0x08000190   0x00000008   Code   RO          373    .ARM.Collect$$$$0000000B  mc_w.l(entry9a.o)
    0x08000198   0x08000198   0x00000000   Code   RO          375    .ARM.Collect$$$$0000000D  mc_w.l(entry10a.o)
    0x08000198   0x08000198   0x00000000   Code   RO          377    .ARM.Collect$$$$0000000F  mc_w.l(entry11a.o)
    0x08000198   0x08000198   0x00000004   Code   RO          366    .ARM.Collect$$$$00002712  mc_w.l(entry2.o)
    0x0800019c   0x0800019c   0x00000024   Code   RO            4    .text               startup_stm32f302xc.o
    0x080001c0   0x080001c0   0x000002fe   Code   RO           10    .text               voice_recieve.o
    0x080004be   0x080004be   0x00000002   PAD
    0x080004c0   0x080004c0   0x0000041e   Code   RO           27    .text               voice_send.o
    0x080008de   0x080008de   0x00000002   PAD
    0x080008e0   0x080008e0   0x0000014a   Code   RO           47    .text               main.o
    0x08000a2a   0x08000a2a   0x00000002   PAD
    0x08000a2c   0x08000a2c   0x000000fc   Code   RO           56    .text               gpio.o
    0x08000b28   0x08000b28   0x000001ae   Code   RO           63    .text               adc.o
    0x08000cd6   0x08000cd6   0x00000002   PAD
    0x08000cd8   0x08000cd8   0x00000178   Code   RO           72    .text               dac.o
    0x08000e50   0x08000e50   0x0000004c   Code   RO           81    .text               dma.o
    0x08000e9c   0x08000e9c   0x000001dc   Code   RO           88    .text               tim.o
    0x08001078   0x08001078   0x00000106   Code   RO           97    .text               usart.o
    0x0800117e   0x0800117e   0x00000002   PAD
    0x08001180   0x08001180   0x0000005c   Code   RO          105    .text               stm32f3xx_it.o
    0x080011dc   0x080011dc   0x00000042   Code   RO          112    .text               stm32f3xx_hal_msp.o
    0x0800121e   0x0800121e   0x00000002   PAD
    0x08001220   0x08001220   0x000000f8   Code   RO          119    .text               stm32f3xx_hal_adc.o
    0x08001318   0x08001318   0x000038a2   Code   RO          126    .text               stm32f3xx_hal_adc_ex.o
    0x08004bba   0x08004bba   0x00000002   PAD
    0x08004bbc   0x08004bbc   0x000002ba   Code   RO          133    .text               stm32f3xx_hal.o
    0x08004e76   0x08004e76   0x00000002   PAD
    0x08004e78   0x08004e78   0x0000122a   Code   RO          143    .text               stm32f3xx_hal_rcc.o
    0x080060a2   0x080060a2   0x00000002   PAD
    0x080060a4   0x080060a4   0x00000a0e   Code   RO          152    .text               stm32f3xx_hal_rcc_ex.o
    0x08006ab2   0x08006ab2   0x00000002   PAD
    0x08006ab4   0x08006ab4   0x00000626   Code   RO          160    .text               stm32f3xx_hal_gpio.o
    0x080070da   0x080070da   0x00000002   PAD
    0x080070dc   0x080070dc   0x00000844   Code   RO          167    .text               stm32f3xx_hal_dma.o
    0x08007920   0x08007920   0x000005c6   Code   RO          174    .text               stm32f3xx_hal_cortex.o
    0x08007ee6   0x08007ee6   0x00000002   PAD
    0x08007ee8   0x08007ee8   0x000001c4   Code   RO          231    .text               stm32f3xx_hal_dac.o
    0x080080ac   0x080080ac   0x000003f0   Code   RO          238    .text               stm32f3xx_hal_dac_ex.o
    0x0800849c   0x0800849c   0x00006d72   Code   RO          245    .text               stm32f3xx_hal_tim.o
    0x0800f20e   0x0800f20e   0x00000002   PAD
    0x0800f210   0x0800f210   0x000024d2   Code   RO          252    .text               stm32f3xx_hal_tim_ex.o
    0x080116e2   0x080116e2   0x00000002   PAD
    0x080116e4   0x080116e4   0x00002f2e   Code   RO          259    .text               stm32f3xx_hal_uart.o
    0x08014612   0x08014612   0x00000002   PAD
    0x08014614   0x08014614   0x00000668   Code   RO          266    .text               stm32f3xx_hal_uart_ex.o
    0x08014c7c   0x08014c7c   0x00000124   Code   RO          273    .text               system_stm32f3xx.o
    0x08014da0   0x08014da0   0x00000094   Code   RO          283    .text               delay.o
    0x08014e34   0x08014e34   0x0000012e   Code   RO          290    .text               key.o
    0x08014f62   0x08014f62   0x00000002   PAD
    0x08014f64   0x08014f64   0x0000067c   Code   RO          301    .text               nrf24l01.o
    0x080155e0   0x080155e0   0x00000806   Code   RO          312    .text               oled.o
    0x08015de6   0x08015de6   0x00000062   Code   RO          323    .text               mc_w.l(uldiv.o)
    0x08015e48   0x08015e48   0x00000024   Code   RO          325    .text               mc_w.l(memseta.o)
    0x08015e6c   0x08015e6c   0x0000014e   Code   RO          355    .text               mf_w.l(dadd.o)
    0x08015fba   0x08015fba   0x000000e4   Code   RO          357    .text               mf_w.l(dmul.o)
    0x0801609e   0x0801609e   0x00000036   Code   RO          359    .text               mf_w.l(dcmplt.o)
    0x080160d4   0x080160d4   0x0000001a   Code   RO          361    .text               mf_w.l(dfltui.o)
    0x080160ee   0x080160ee   0x00000032   Code   RO          363    .text               mf_w.l(dfixui.o)
    0x08016120   0x08016120   0x0000002c   Code   RO          389    .text               mc_w.l(uidiv.o)
    0x0801614c   0x0801614c   0x0000001e   Code   RO          391    .text               mc_w.l(llshl.o)
    0x0801616a   0x0801616a   0x00000020   Code   RO          393    .text               mc_w.l(llushr.o)
    0x0801618a   0x0801618a   0x00000024   Code   RO          395    .text               mc_w.l(llsshr.o)
    0x080161ae   0x080161ae   0x00000000   Code   RO          397    .text               mc_w.l(iusefp.o)
    0x080161ae   0x080161ae   0x000000ba   Code   RO          398    .text               mf_w.l(depilogue.o)
    0x08016268   0x08016268   0x000000de   Code   RO          400    .text               mf_w.l(ddiv.o)
    0x08016346   0x08016346   0x00000030   Code   RO          402    .text               mf_w.l(dfixul.o)
    0x08016376   0x08016376   0x00000002   PAD
    0x08016378   0x08016378   0x00000030   Code   RO          404    .text               mf_w.l(cdrcmple.o)
    0x080163a8   0x080163a8   0x00000030   Code   RO          406    .text               mc_w.l(init.o)
    0x080163d8   0x080163d8   0x00000020   Code   RO          328    i.__0printf         mc_w.l(printfa.o)
    0x080163f8   0x080163f8   0x0000000e   Code   RO          410    i.__scatterload_copy  mc_w.l(handlers.o)
    0x08016406   0x08016406   0x00000002   Code   RO          411    i.__scatterload_null  mc_w.l(handlers.o)
    0x08016408   0x08016408   0x0000000e   Code   RO          412    i.__scatterload_zeroinit  mc_w.l(handlers.o)
    0x08016416   0x08016416   0x00000002   PAD
    0x08016418   0x08016418   0x00000184   Code   RO          335    i._fp_digits        mc_w.l(printfa.o)
    0x0801659c   0x0801659c   0x000006dc   Code   RO          336    i._printf_core      mc_w.l(printfa.o)
    0x08016c78   0x08016c78   0x00000024   Code   RO          337    i._printf_post_padding  mc_w.l(printfa.o)
    0x08016c9c   0x08016c9c   0x0000002e   Code   RO          338    i._printf_pre_padding  mc_w.l(printfa.o)
    0x08016cca   0x08016cca   0x00000010   Data   RO          276    .rodata.AHBPrescTable  system_stm32f3xx.o
    0x08016cda   0x08016cda   0x00000008   Data   RO          277    .rodata.APBPrescTable  system_stm32f3xx.o
    0x08016ce2   0x08016ce2   0x00000020   Data   RO          154    .rodata.HAL_RCCEx_GetPeriphCLKFreq.adc_pll_prediv_table  stm32f3xx_hal_rcc_ex.o
    0x08016d02   0x08016d02   0x000005f0   Data   RO          314    .rodata.OLED_F8x16  oled.o
    0x080172f2   0x080172f2   0x00000010   Data   RO          145    .rodata.aPLLMULFactorTable  stm32f3xx_hal_rcc.o
    0x08017302   0x08017302   0x00000010   Data   RO          146    .rodata.aPredivFactorTable  stm32f3xx_hal_rcc.o
    0x08017312   0x08017312   0x00000035   Data   RO           20    .rodata.str1.1      voice_recieve.o
    0x08017347   0x08017347   0x000000e1   Data   RO           37    .rodata.str1.1      voice_send.o
    0x08017428   0x08017428   0x00000028   Data   RO           49    .rodata.str1.1      main.o
    0x08017450   0x08017450   0x00000020   Data   RO          409    Region$$Table       anon$$obj.o


    Execution Region RW_IRAM1 (Exec base: 0x20000000, Load base: 0x08017470, Size: 0x000016a8, Max: 0x00008000, ABSOLUTE)

    Exec Addr    Load Addr    Size         Type   Attr      Idx    E Section Name        Object

    0x20000000   0x08017470   0x00000004   Data   RW          379    .data               mc_w.l(stdout.o)
    0x20000004   0x08017474   0x00000005   Data   RW          304    .data.NRF24L01_RxAddress  nrf24l01.o
    0x20000009   0x08017479   0x00000005   Data   RW          303    .data.NRF24L01_TxAddress  nrf24l01.o
    0x2000000e   0x0801747e   0x00000002   PAD
    0x20000010   0x08017480   0x00000004   Data   RW          275    .data.SystemCoreClock  system_stm32f3xx.o
    0x20000014   0x08017484   0x00000004   Data   RW           32    .data.current_dma_buffer  voice_send.o
    0x20000018   0x08017488   0x00000001   Data   RW          136    .data.uwTickFreq    stm32f3xx_hal.o
    0x20000019   0x08017489   0x00000003   PAD
    0x2000001c   0x0801748c   0x00000004   Data   RW          135    .data.uwTickPrio    stm32f3xx_hal.o
    0x20000020        -       0x00000004   Zero   RW           19    .bss.HAL_DAC_DMAUnderrunCallbackCh1.underrun_count  voice_recieve.o
    0x20000024        -       0x00000001   Zero   RW          295    .bss.Key_Kick.Count  key.o
    0x20000025        -       0x00000001   Zero   RW          294    .bss.Key_Kick.CurrentState  key.o
    0x20000026        -       0x00000001   Zero   RW          293    .bss.Key_Kick.PreviousState  key.o
    0x20000027        -       0x00000020   Zero   RW          306    .bss.NRF24L01_RxPacket  nrf24l01.o
    0x20000047        -       0x00000020   Zero   RW          305    .bss.NRF24L01_TxPacket  nrf24l01.o
    0x20000067   0x08017490   0x00000001   PAD
    0x20000068        -       0x00000200   Zero   RW           31    .bss.arr1           voice_send.o
    0x20000268        -       0x00000200   Zero   RW           36    .bss.arr2           voice_send.o
    0x20000468        -       0x00000001   Zero   RW           30    .bss.buffer_ready   voice_send.o
    0x20000469        -       0x00000001   Zero   RW           41    .bss.buffer_sent_cnt  voice_send.o
    0x2000046a        -       0x00000001   Zero   RW           12    .bss.current_rx_state  voice_recieve.o
    0x2000046b        -       0x00000001   Zero   RW           29    .bss.current_state  voice_send.o
    0x2000046c        -       0x00000400   Zero   RW           18    .bss.dac_buffer     voice_recieve.o
    0x2000086c        -       0x00000050   Zero   RW           65    .bss.hadc1          adc.o
    0x200008bc        -       0x00000014   Zero   RW           74    .bss.hdac           dac.o
    0x200008d0        -       0x00000044   Zero   RW           66    .bss.hdma_adc1      adc.o
    0x20000914        -       0x00000044   Zero   RW           75    .bss.hdma_dac_ch1   dac.o
    0x20000958        -       0x0000004c   Zero   RW           90    .bss.htim2          tim.o
    0x200009a4        -       0x0000004c   Zero   RW           91    .bss.htim3          tim.o
    0x200009f0        -       0x00000088   Zero   RW           99    .bss.huart1         usart.o
    0x20000a78        -       0x00000002   Zero   RW           13    .bss.ib_count       voice_recieve.o
    0x20000a7a   0x08017490   0x00000002   PAD
    0x20000a7c        -       0x00000004   Zero   RW           16    .bss.ib_overflow_count  voice_recieve.o
    0x20000a80        -       0x00000002   Zero   RW           17    .bss.ib_read_index  voice_recieve.o
    0x20000a82        -       0x00000002   Zero   RW           15    .bss.ib_write_index  voice_recieve.o
    0x20000a84        -       0x00000800   Zero   RW           14    .bss.intermediate_audio_buffer  voice_recieve.o
    0x20001284        -       0x00000001   Zero   RW           40    .bss.is_packet_prepared  voice_send.o
    0x20001285        -       0x00000001   Zero   RW          292    .bss.keynum         key.o
    0x20001286   0x08017490   0x00000002   PAD
    0x20001288        -       0x00000004   Zero   RW           21    .bss.no_data_count  voice_recieve.o
    0x2000128c        -       0x00000001   Zero   RW           35    .bss.packets_remaining  voice_send.o
    0x2000128d   0x08017490   0x00000003   PAD
    0x20001290        -       0x00000004   Zero   RW           38    .bss.prepare_nrf_packet.overflow_count  voice_send.o
    0x20001294        -       0x00000002   Zero   RW           39    .bss.prepare_nrf_packet.packet_cnt  voice_send.o
    0x20001296   0x08017490   0x00000002   PAD
    0x20001298        -       0x00000004   Zero   RW           33    .bss.ready_buffer   voice_send.o
    0x2000129c        -       0x00000002   Zero   RW           34    .bss.sample_read_index  voice_send.o
    0x2000129e   0x08017490   0x00000002   PAD
    0x200012a0        -       0x00000004   Zero   RW          137    .bss.uwTick         stm32f3xx_hal.o
    0x200012a4   0x08017490   0x00000004   PAD
    0x200012a8        -       0x00000400   Zero   RW            1    STACK               startup_stm32f302xc.o


==============================================================================

Image component sizes


      Code (inc. data)   RO Data    RW Data    ZI Data      Debug   Object Name

       430          0          0          0        148       5083   adc.o
       376          0          0          0         88       4105   dac.o
       148          0          0          0          0        987   delay.o
        76          0          0          0          0       2412   dma.o
       252          0          0          0          0       1785   gpio.o
       302          0          0          0          4       2108   key.o
       330          0         40          0          0       2520   main.o
      1660          0          0         10         64       5253   nrf24l01.o
      2054          8       1520          0          0       5079   oled.o
        36          8        392          0       1024        852   startup_stm32f302xc.o
       698          0          0          5          4       5464   stm32f3xx_hal.o
       248          0          0          0          0       5972   stm32f3xx_hal_adc.o
     14498         12          0          0          0      18733   stm32f3xx_hal_adc_ex.o
      1478          0          0          0          0       8546   stm32f3xx_hal_cortex.o
       452          0          0          0          0       4820   stm32f3xx_hal_dac.o
      1008          0          0          0          0       5027   stm32f3xx_hal_dac_ex.o
      2116         10          0          0          0       6048   stm32f3xx_hal_dma.o
      1574          0          0          0          0       4491   stm32f3xx_hal_gpio.o
        66          0          0          0          0       1033   stm32f3xx_hal_msp.o
      4650          0         32          0          0       7817   stm32f3xx_hal_rcc.o
      2574          0         32          0          0       4909   stm32f3xx_hal_rcc_ex.o
     28018        248          0          0          0      34425   stm32f3xx_hal_tim.o
      9426          0          0          0          0      14839   stm32f3xx_hal_tim_ex.o
     12078         24          0          0          0      21379   stm32f3xx_hal_uart.o
      1640          0          0          0          0       6459   stm32f3xx_hal_uart_ex.o
        92          0          0          0          0       1061   stm32f3xx_it.o
       292          0         24          4          0       2080   system_stm32f3xx.o
       476          0          0          0        152       6365   tim.o
       262          0          0          0        136       4554   usart.o
       766          0         53          0       3091       4368   voice_recieve.o
      1054          0        225          4       1041       5675   voice_send.o

    ----------------------------------------------------------------------
     89162        310       2350         28       5768     204249   Object Totals
         0          0         32          0          0          0   (incl. Generated)
        32          0          0          5         16          0   (incl. Padding)

    ----------------------------------------------------------------------

      Code (inc. data)   RO Data    RW Data    ZI Data      Debug   Library Member Name

         0          0          0          0          0          0   entry.o
         0          0          0          0          0          0   entry10a.o
         0          0          0          0          0          0   entry11a.o
         8          4          0          0          0          0   entry2.o
         4          0          0          0          0          0   entry5.o
         0          0          0          0          0          0   entry7b.o
         0          0          0          0          0          0   entry8b.o
         8          4          0          0          0          0   entry9a.o
        30          0          0          0          0          0   handlers.o
        48         10          0          0          0         68   init.o
         0          0          0          0          0          0   iusefp.o
        30          0          0          0          0         68   llshl.o
        36          0          0          0          0         68   llsshr.o
        32          0          0          0          0         68   llushr.o
        36          0          0          0          0        108   memseta.o
      2258         90          0          0          0        452   printfa.o
         0          0          0          4          0          0   stdout.o
        44          0          0          0          0         80   uidiv.o
        98          0          0          0          0         92   uldiv.o
        48          0          0          0          0         68   cdrcmple.o
       334          0          0          0          0        148   dadd.o
        54          0          0          0          0         80   dcmplt.o
       222          0          0          0          0        100   ddiv.o
       186          0          0          0          0        176   depilogue.o
        50          0          0          0          0         76   dfixui.o
        48          0          0          0          0         68   dfixul.o
        26          0          0          0          0         76   dfltui.o
       228          0          0          0          0         96   dmul.o

    ----------------------------------------------------------------------
      3832        108          0          4          0       1892   Library Totals
         4          0          0          0          0          0   (incl. Padding)

    ----------------------------------------------------------------------

      Code (inc. data)   RO Data    RW Data    ZI Data      Debug   Library Name

      2632        108          0          4          0       1004   mc_w.l
      1196          0          0          0          0        888   mf_w.l

    ----------------------------------------------------------------------
      3832        108          0          4          0       1892   Library Totals

    ----------------------------------------------------------------------

==============================================================================


      Code (inc. data)   RO Data    RW Data    ZI Data      Debug   

     92994        418       2350         32       5768     204777   Grand Totals
     92994        418       2350         32       5768     204777   ELF Image Totals
     92994        418       2350         32          0          0   ROM Totals

==============================================================================

    Total RO  Size (Code + RO Data)                95344 (  93.11kB)
    Total RW  Size (RW Data + ZI Data)              5800 (   5.66kB)
    Total ROM Size (Code + RO Data + RW Data)      95376 (  93.14kB)

==============================================================================

